[0.011s] Invoking command in '/home/zuleikarg/Desktop/pdm/base_ws/build/robot_trials': CMAKE_PREFIX_PATH=${CMAKE_PREFIX_PATH}:/opt/ros/humble CONDA_PROMPT_MODIFIER=(ros2) PS1=Singularity:\W> /usr/bin/cmake --build /home/zuleikarg/Desktop/pdm/base_ws/build/robot_trials -- -j12 -l12
[0.032s] -- Found ament_cmake: 1.3.10 (/opt/ros/humble/share/ament_cmake/cmake)
[0.156s] -- Found rclpy: 3.3.14 (/opt/ros/humble/share/rclpy/cmake)
[0.156s] -- Found std_msgs: 4.2.4 (/opt/ros/humble/share/std_msgs/cmake)
[0.180s] -- Found rosidl_generator_c: 3.1.5 (/opt/ros/humble/share/rosidl_generator_c/cmake)
[0.182s] -- Found rosidl_adapter: 3.1.5 (/opt/ros/humble/share/rosidl_adapter/cmake)
[0.188s] -- Found rosidl_generator_cpp: 3.1.5 (/opt/ros/humble/share/rosidl_generator_cpp/cmake)
[0.198s] -- Using all available rosidl_typesupport_c: rosidl_typesupport_fastrtps_c;rosidl_typesupport_introspection_c
[0.210s] -- Using all available rosidl_typesupport_cpp: rosidl_typesupport_fastrtps_cpp;rosidl_typesupport_introspection_cpp
[0.233s] -- Found rosidl_default_generators: 1.2.0 (/opt/ros/humble/share/rosidl_default_generators/cmake)
[0.473s] -- Found ament_cmake_ros: 0.10.0 (/opt/ros/humble/share/ament_cmake_ros/cmake)
[0.764s] -- Using all available rosidl_typesupport_c: rosidl_typesupport_fastrtps_c;rosidl_typesupport_introspection_c
[0.880s] -- Using all available rosidl_typesupport_cpp: rosidl_typesupport_fastrtps_cpp;rosidl_typesupport_introspection_cpp
[0.903s] -- Found python_cmake_module: 0.10.0 (/opt/ros/humble/share/python_cmake_module/cmake)
[0.926s] -- Using PYTHON_EXECUTABLE: /usr/bin/python3
[0.926s] -- Using PYTHON_INCLUDE_DIRS: /usr/include/python3.10
[0.926s] -- Using PYTHON_LIBRARIES: /usr/lib/x86_64-linux-gnu/libpython3.10.so
[0.935s] -- Found ament_lint_auto: 0.12.11 (/opt/ros/humble/share/ament_lint_auto/cmake)
[0.940s] [31mCMake Error at CMakeLists.txt:47 (install):
[0.940s]   install TARGETS given target "base_planning_node" which does not exist.
[0.940s] 
[0.940s] [0m
[0.945s] -- Added test 'flake8' to check Python code syntax and style conventions
[0.945s] -- Added test 'lint_cmake' to check CMake code style
[0.945s] -- Added test 'pep257' to check Python code against some of the docstring style conventions in PEP 257
[0.946s] -- Added test 'xmllint' to check XML markup files
[0.948s] -- Configuring incomplete, errors occurred!
[0.948s] See also "/home/zuleikarg/Desktop/pdm/base_ws/build/robot_trials/CMakeFiles/CMakeOutput.log".
[0.952s] gmake: *** [Makefile:747: cmake_check_build_system] Error 1
[0.955s] Invoked command in '/home/zuleikarg/Desktop/pdm/base_ws/build/robot_trials' returned '2': CMAKE_PREFIX_PATH=${CMAKE_PREFIX_PATH}:/opt/ros/humble CONDA_PROMPT_MODIFIER=(ros2) PS1=Singularity:\W> /usr/bin/cmake --build /home/zuleikarg/Desktop/pdm/base_ws/build/robot_trials -- -j12 -l12
