[0.104s] DEBUG:colcon:Command line arguments: ['/usr/bin/colcon', 'build']
[0.104s] DEBUG:colcon:Parsed command line arguments: Namespace(log_base=None, log_level=None, verb_name='build', build_base='build', install_base='install', merge_install=False, symlink_install=False, test_result_base=None, continue_on_error=False, executor='parallel', parallel_workers=12, event_handlers=None, ignore_user_meta=False, metas=['./colcon.meta'], base_paths=['.'], packages_ignore=None, packages_ignore_regex=None, paths=None, packages_up_to=None, packages_up_to_regex=None, packages_above=None, packages_above_and_dependencies=None, packages_above_depth=None, packages_select_by_dep=None, packages_skip_by_dep=None, packages_skip_up_to=None, packages_select_build_failed=False, packages_skip_build_finished=False, packages_select_test_failures=False, packages_skip_test_passed=False, packages_select=None, packages_skip=None, packages_select_regex=None, packages_skip_regex=None, packages_start=None, packages_end=None, cmake_args=None, cmake_target=None, cmake_target_skip_unavailable=False, cmake_clean_cache=False, cmake_clean_first=False, cmake_force_configure=False, ament_cmake_args=None, catkin_cmake_args=None, catkin_skip_building_tests=False, mixin_files=None, mixin=None, verb_parser=<colcon_mixin.mixin.mixin_argument.MixinArgumentDecorator object at 0x7f625c474be0>, verb_extension=<colcon_core.verb.build.BuildVerb object at 0x7f625c5851b0>, main=<bound method BuildVerb.main of <colcon_core.verb.build.BuildVerb object at 0x7f625c5851b0>>, mixin_verb=('build',))
[0.229s] Level 1:colcon.colcon_core.package_discovery:discover_packages(colcon_meta) check parameters
[0.229s] Level 1:colcon.colcon_core.package_discovery:discover_packages(recursive) check parameters
[0.229s] Level 1:colcon.colcon_core.package_discovery:discover_packages(ignore) check parameters
[0.229s] Level 1:colcon.colcon_core.package_discovery:discover_packages(path) check parameters
[0.229s] Level 1:colcon.colcon_core.package_discovery:discover_packages(colcon_meta) discover
[0.229s] Level 1:colcon.colcon_core.package_discovery:discover_packages(recursive) discover
[0.229s] INFO:colcon.colcon_core.package_discovery:Crawling recursively for packages in '/home/zuleikarg/Desktop/pdm/base_ws'
[0.229s] Level 1:colcon.colcon_core.package_identification:_identify(.) by extensions ['ignore', 'ignore_ament_install']
[0.229s] Level 1:colcon.colcon_core.package_identification:_identify(.) by extension 'ignore'
[0.229s] Level 1:colcon.colcon_core.package_identification:_identify(.) by extension 'ignore_ament_install'
[0.229s] Level 1:colcon.colcon_core.package_identification:_identify(.) by extensions ['colcon_pkg']
[0.229s] Level 1:colcon.colcon_core.package_identification:_identify(.) by extension 'colcon_pkg'
[0.229s] Level 1:colcon.colcon_core.package_identification:_identify(.) by extensions ['colcon_meta']
[0.229s] Level 1:colcon.colcon_core.package_identification:_identify(.) by extension 'colcon_meta'
[0.229s] Level 1:colcon.colcon_core.package_identification:_identify(.) by extensions ['ros']
[0.229s] Level 1:colcon.colcon_core.package_identification:_identify(.) by extension 'ros'
[0.241s] Level 1:colcon.colcon_core.package_identification:_identify(.) by extensions ['cmake', 'python']
[0.241s] Level 1:colcon.colcon_core.package_identification:_identify(.) by extension 'cmake'
[0.241s] Level 1:colcon.colcon_core.package_identification:_identify(.) by extension 'python'
[0.241s] Level 1:colcon.colcon_core.package_identification:_identify(.) by extensions ['python_setup_py']
[0.241s] Level 1:colcon.colcon_core.package_identification:_identify(.) by extension 'python_setup_py'
[0.242s] Level 1:colcon.colcon_core.package_identification:_identify(build) by extensions ['ignore', 'ignore_ament_install']
[0.242s] Level 1:colcon.colcon_core.package_identification:_identify(build) by extension 'ignore'
[0.242s] Level 1:colcon.colcon_core.package_identification:_identify(build) ignored
[0.242s] Level 1:colcon.colcon_core.package_identification:_identify(install) by extensions ['ignore', 'ignore_ament_install']
[0.242s] Level 1:colcon.colcon_core.package_identification:_identify(install) by extension 'ignore'
[0.242s] Level 1:colcon.colcon_core.package_identification:_identify(install) ignored
[0.242s] Level 1:colcon.colcon_core.package_identification:_identify(log) by extensions ['ignore', 'ignore_ament_install']
[0.242s] Level 1:colcon.colcon_core.package_identification:_identify(log) by extension 'ignore'
[0.242s] Level 1:colcon.colcon_core.package_identification:_identify(log) ignored
[0.242s] Level 1:colcon.colcon_core.package_identification:_identify(src) by extensions ['ignore', 'ignore_ament_install']
[0.242s] Level 1:colcon.colcon_core.package_identification:_identify(src) by extension 'ignore'
[0.242s] Level 1:colcon.colcon_core.package_identification:_identify(src) by extension 'ignore_ament_install'
[0.242s] Level 1:colcon.colcon_core.package_identification:_identify(src) by extensions ['colcon_pkg']
[0.242s] Level 1:colcon.colcon_core.package_identification:_identify(src) by extension 'colcon_pkg'
[0.243s] Level 1:colcon.colcon_core.package_identification:_identify(src) by extensions ['colcon_meta']
[0.243s] Level 1:colcon.colcon_core.package_identification:_identify(src) by extension 'colcon_meta'
[0.243s] Level 1:colcon.colcon_core.package_identification:_identify(src) by extensions ['ros']
[0.243s] Level 1:colcon.colcon_core.package_identification:_identify(src) by extension 'ros'
[0.243s] Level 1:colcon.colcon_core.package_identification:_identify(src) by extensions ['cmake', 'python']
[0.243s] Level 1:colcon.colcon_core.package_identification:_identify(src) by extension 'cmake'
[0.243s] Level 1:colcon.colcon_core.package_identification:_identify(src) by extension 'python'
[0.243s] Level 1:colcon.colcon_core.package_identification:_identify(src) by extensions ['python_setup_py']
[0.243s] Level 1:colcon.colcon_core.package_identification:_identify(src) by extension 'python_setup_py'
[0.243s] Level 1:colcon.colcon_core.package_identification:_identify(src/robot_trials) by extensions ['ignore', 'ignore_ament_install']
[0.243s] Level 1:colcon.colcon_core.package_identification:_identify(src/robot_trials) by extension 'ignore'
[0.243s] Level 1:colcon.colcon_core.package_identification:_identify(src/robot_trials) by extension 'ignore_ament_install'
[0.243s] Level 1:colcon.colcon_core.package_identification:_identify(src/robot_trials) by extensions ['colcon_pkg']
[0.243s] Level 1:colcon.colcon_core.package_identification:_identify(src/robot_trials) by extension 'colcon_pkg'
[0.243s] Level 1:colcon.colcon_core.package_identification:_identify(src/robot_trials) by extensions ['colcon_meta']
[0.243s] Level 1:colcon.colcon_core.package_identification:_identify(src/robot_trials) by extension 'colcon_meta'
[0.243s] Level 1:colcon.colcon_core.package_identification:_identify(src/robot_trials) by extensions ['ros']
[0.243s] Level 1:colcon.colcon_core.package_identification:_identify(src/robot_trials) by extension 'ros'
[0.246s] DEBUG:colcon.colcon_core.package_identification:Package 'src/robot_trials' with type 'ros.ament_cmake' and name 'robot_trials'
[0.246s] Level 1:colcon.colcon_core.package_discovery:discover_packages(recursive) using defaults
[0.246s] Level 1:colcon.colcon_core.package_discovery:discover_packages(ignore) discover
[0.246s] Level 1:colcon.colcon_core.package_discovery:discover_packages(ignore) using defaults
[0.246s] Level 1:colcon.colcon_core.package_discovery:discover_packages(path) discover
[0.246s] Level 1:colcon.colcon_core.package_discovery:discover_packages(path) using defaults
[0.265s] Level 5:colcon.colcon_core.verb:set package 'robot_trials' build argument 'cmake_args' from command line to 'None'
[0.266s] Level 5:colcon.colcon_core.verb:set package 'robot_trials' build argument 'cmake_target' from command line to 'None'
[0.266s] Level 5:colcon.colcon_core.verb:set package 'robot_trials' build argument 'cmake_target_skip_unavailable' from command line to 'False'
[0.266s] Level 5:colcon.colcon_core.verb:set package 'robot_trials' build argument 'cmake_clean_cache' from command line to 'False'
[0.266s] Level 5:colcon.colcon_core.verb:set package 'robot_trials' build argument 'cmake_clean_first' from command line to 'False'
[0.266s] Level 5:colcon.colcon_core.verb:set package 'robot_trials' build argument 'cmake_force_configure' from command line to 'False'
[0.266s] Level 5:colcon.colcon_core.verb:set package 'robot_trials' build argument 'ament_cmake_args' from command line to 'None'
[0.266s] Level 5:colcon.colcon_core.verb:set package 'robot_trials' build argument 'catkin_cmake_args' from command line to 'None'
[0.266s] Level 5:colcon.colcon_core.verb:set package 'robot_trials' build argument 'catkin_skip_building_tests' from command line to 'False'
[0.266s] DEBUG:colcon.colcon_core.verb:Building package 'robot_trials' with the following arguments: {'ament_cmake_args': None, 'build_base': '/home/zuleikarg/Desktop/pdm/base_ws/build/robot_trials', 'catkin_cmake_args': None, 'catkin_skip_building_tests': False, 'cmake_args': None, 'cmake_clean_cache': False, 'cmake_clean_first': False, 'cmake_force_configure': False, 'cmake_target': None, 'cmake_target_skip_unavailable': False, 'install_base': '/home/zuleikarg/Desktop/pdm/base_ws/install/robot_trials', 'merge_install': False, 'path': '/home/zuleikarg/Desktop/pdm/base_ws/src/robot_trials', 'symlink_install': False, 'test_result_base': None}
[0.266s] INFO:colcon.colcon_core.executor:Executing jobs using 'parallel' executor
[0.267s] DEBUG:colcon.colcon_parallel_executor.executor.parallel:run_until_complete
[0.267s] INFO:colcon.colcon_ros.task.ament_cmake.build:Building ROS package in '/home/zuleikarg/Desktop/pdm/base_ws/src/robot_trials' with build type 'ament_cmake'
[0.267s] INFO:colcon.colcon_cmake.task.cmake.build:Building CMake package in '/home/zuleikarg/Desktop/pdm/base_ws/src/robot_trials'
[0.269s] INFO:colcon.colcon_core.plugin_system:Skipping extension 'colcon_core.shell.bat': Not used on non-Windows systems
[0.270s] INFO:colcon.colcon_core.shell:Skip shell extension 'powershell' for command environment: Not usable outside of PowerShell
[0.270s] DEBUG:colcon.colcon_core.shell:Skip shell extension 'dsv' for command environment
[0.278s] DEBUG:colcon.colcon_core.event_handler.log_command:Invoking command in '/home/zuleikarg/Desktop/pdm/base_ws/build/robot_trials': CONDA_PROMPT_MODIFIER=(ros2) PS1=Singularity:\W> /usr/bin/cmake /home/zuleikarg/Desktop/pdm/base_ws/src/robot_trials -DCMAKE_INSTALL_PREFIX=/home/zuleikarg/Desktop/pdm/base_ws/install/robot_trials
[0.301s] DEBUG:colcon.colcon_core.event_handler.log_command:Invoked command in '/home/zuleikarg/Desktop/pdm/base_ws/build/robot_trials' returned '1': CONDA_PROMPT_MODIFIER=(ros2) PS1=Singularity:\W> /usr/bin/cmake /home/zuleikarg/Desktop/pdm/base_ws/src/robot_trials -DCMAKE_INSTALL_PREFIX=/home/zuleikarg/Desktop/pdm/base_ws/install/robot_trials
[0.311s] Level 1:colcon.colcon_core.environment:create_environment_scripts_only(robot_trials)
[0.314s] Level 1:colcon.colcon_core.environment:checking '/home/zuleikarg/Desktop/pdm/base_ws/install/robot_trials' for CMake module files
[0.314s] Level 1:colcon.colcon_core.environment:checking '/home/zuleikarg/Desktop/pdm/base_ws/install/robot_trials' for CMake config files
[0.315s] Level 1:colcon.colcon_core.environment:checking '/home/zuleikarg/Desktop/pdm/base_ws/install/robot_trials/bin'
[0.315s] Level 1:colcon.colcon_core.environment:checking '/home/zuleikarg/Desktop/pdm/base_ws/install/robot_trials/lib/pkgconfig/robot_trials.pc'
[0.316s] Level 1:colcon.colcon_core.environment:checking '/home/zuleikarg/Desktop/pdm/base_ws/install/robot_trials/lib/python3.10/site-packages'
[0.317s] Level 1:colcon.colcon_core.environment:checking '/home/zuleikarg/Desktop/pdm/base_ws/install/robot_trials/bin'
[0.317s] INFO:colcon.colcon_core.shell:Creating package script '/home/zuleikarg/Desktop/pdm/base_ws/install/robot_trials/share/robot_trials/package.ps1'
[0.318s] INFO:colcon.colcon_core.shell:Creating package descriptor '/home/zuleikarg/Desktop/pdm/base_ws/install/robot_trials/share/robot_trials/package.dsv'
[0.318s] INFO:colcon.colcon_core.shell:Creating package script '/home/zuleikarg/Desktop/pdm/base_ws/install/robot_trials/share/robot_trials/package.sh'
[0.319s] INFO:colcon.colcon_core.shell:Creating package script '/home/zuleikarg/Desktop/pdm/base_ws/install/robot_trials/share/robot_trials/package.bash'
[0.319s] INFO:colcon.colcon_core.shell:Creating package script '/home/zuleikarg/Desktop/pdm/base_ws/install/robot_trials/share/robot_trials/package.zsh'
[0.320s] Level 1:colcon.colcon_core.environment:create_file_with_runtime_dependencies(/home/zuleikarg/Desktop/pdm/base_ws/install/robot_trials/share/colcon-core/packages/robot_trials)
[0.331s] DEBUG:colcon.colcon_parallel_executor.executor.parallel:closing loop
[0.331s] DEBUG:colcon.colcon_parallel_executor.executor.parallel:loop closed
[0.331s] DEBUG:colcon.colcon_parallel_executor.executor.parallel:run_until_complete finished with '1'
[0.331s] DEBUG:colcon.colcon_core.event_reactor:joining thread
[0.336s] INFO:colcon.colcon_core.plugin_system:Skipping extension 'colcon_notification.desktop_notification.notify_send': Could not find 'notify-send'
[0.336s] INFO:colcon.colcon_core.plugin_system:Skipping extension 'colcon_notification.desktop_notification.terminal_notifier': Not used on non-Darwin systems
[0.336s] INFO:colcon.colcon_core.plugin_system:Skipping extension 'colcon_notification.desktop_notification.win32': Not used on non-Windows systems
[0.336s] INFO:colcon.colcon_notification.desktop_notification:Sending desktop notification using 'notify2'
[0.336s] DEBUG:colcon.colcon_notification.desktop_notification.notify2:Failed to initialize notify2: org.freedesktop.DBus.Error.FileNotFound: Failed to connect to socket /run/user/1000/bus: No such file or directory
[0.336s] DEBUG:colcon.colcon_core.event_reactor:joined thread
[0.336s] INFO:colcon.colcon_core.shell:Creating prefix script '/home/zuleikarg/Desktop/pdm/base_ws/install/local_setup.ps1'
[0.337s] INFO:colcon.colcon_core.shell:Creating prefix util module '/home/zuleikarg/Desktop/pdm/base_ws/install/_local_setup_util_ps1.py'
[0.339s] INFO:colcon.colcon_core.shell:Creating prefix chain script '/home/zuleikarg/Desktop/pdm/base_ws/install/setup.ps1'
[0.340s] INFO:colcon.colcon_core.shell:Creating prefix script '/home/zuleikarg/Desktop/pdm/base_ws/install/local_setup.sh'
[0.340s] INFO:colcon.colcon_core.shell:Creating prefix util module '/home/zuleikarg/Desktop/pdm/base_ws/install/_local_setup_util_sh.py'
[0.340s] INFO:colcon.colcon_core.shell:Creating prefix chain script '/home/zuleikarg/Desktop/pdm/base_ws/install/setup.sh'
[0.341s] INFO:colcon.colcon_core.shell:Creating prefix script '/home/zuleikarg/Desktop/pdm/base_ws/install/local_setup.bash'
[0.342s] INFO:colcon.colcon_core.shell:Creating prefix chain script '/home/zuleikarg/Desktop/pdm/base_ws/install/setup.bash'
[0.342s] INFO:colcon.colcon_core.shell:Creating prefix script '/home/zuleikarg/Desktop/pdm/base_ws/install/local_setup.zsh'
[0.343s] INFO:colcon.colcon_core.shell:Creating prefix chain script '/home/zuleikarg/Desktop/pdm/base_ws/install/setup.zsh'
