[0.010s] Invoking command in '/home/zuleikarg/Desktop/pdm/base_ws/build/robot_trials': CONDA_PROMPT_MODIFIER=(ros2) PS1=Singularity:\W> /usr/bin/cmake --build /home/zuleikarg/Desktop/pdm/base_ws/build/robot_trials -- -j12 -l12
[0.032s] -- Found ament_cmake: 1.3.10 (/opt/ros/humble/share/ament_cmake/cmake)
[0.104s] Traceback (most recent call last):
[0.104s]   File "/opt/ros/humble/share/ament_cmake_core/cmake/package_templates/templates_2_cmake.py", line 21, in <module>
[0.104s]     from ament_package.templates import get_environment_hook_template_path
[0.104s] ModuleNotFoundError: No module named 'ament_package'
[0.107s] [31mCMake Error at /opt/ros/humble/share/ament_cmake_core/cmake/ament_cmake_package_templates-extras.cmake:41 (message):
[0.108s]   execute_process(/usr/bin/python3
[0.108s]   /opt/ros/humble/share/ament_cmake_core/cmake/package_templates/templates_2_cmake.py
[0.108s]   /home/zuleikarg/Desktop/pdm/base_ws/build/robot_trials/ament_cmake_package_templates/templates.cmake)
[0.108s]   returned error code 1
[0.108s] Call Stack (most recent call first):
[0.108s]   /opt/ros/humble/share/ament_cmake_core/cmake/ament_cmake_coreConfig.cmake:41 (include)
[0.108s]   /opt/ros/humble/share/ament_cmake/cmake/ament_cmake_export_dependencies-extras.cmake:15 (find_package)
[0.108s]   /opt/ros/humble/share/ament_cmake/cmake/ament_cmakeConfig.cmake:41 (include)
[0.108s]   CMakeLists.txt:9 (find_package)
[0.108s] 
[0.108s] [0m
[0.108s] -- Configuring incomplete, errors occurred!
[0.108s] See also "/home/zuleikarg/Desktop/pdm/base_ws/build/robot_trials/CMakeFiles/CMakeOutput.log".
[0.110s] gmake: *** [Makefile:747: cmake_check_build_system] Error 1
[0.113s] Invoked command in '/home/zuleikarg/Desktop/pdm/base_ws/build/robot_trials' returned '2': CONDA_PROMPT_MODIFIER=(ros2) PS1=Singularity:\W> /usr/bin/cmake --build /home/zuleikarg/Desktop/pdm/base_ws/build/robot_trials -- -j12 -l12
