[  3%] Built target robot_trials__cpp
[ 12%] Built target robot_trials__rosidl_generator_c
[ 12%] Built target ament_cmake_python_copy_robot_trials
[ 22%] Built target robot_trials__rosidl_typesupport_introspection_cpp
[ 32%] Built target robot_trials__rosidl_typesupport_cpp
[ 41%] Built target robot_trials__rosidl_typesupport_fastrtps_c
[ 51%] Built target robot_trials__rosidl_typesupport_fastrtps_cpp
[ 61%] Built target robot_trials__rosidl_typesupport_introspection_c
[ 70%] Built target robot_trials__rosidl_typesupport_c
[ 70%] Built target robot_trials
[ 74%] Built target robot_trials__py
[ 80%] Built target robot_trials__rosidl_generator_py
[100%] Built target robot_trials__rosidl_typesupport_introspection_c__pyext
[100%] Built target robot_trials__rosidl_typesupport_fastrtps_c__pyext
[100%] Built target robot_trials__rosidl_typesupport_c__pyext
running egg_info
writing robot_trials.egg-info/PKG-INFO
writing dependency_links to robot_trials.egg-info/dependency_links.txt
writing top-level names to robot_trials.egg-info/top_level.txt
reading manifest file 'robot_trials.egg-info/SOURCES.txt'
writing manifest file 'robot_trials.egg-info/SOURCES.txt'
[100%] Built target ament_cmake_python_build_robot_trials_egg
-- Install configuration: ""
-- Up-to-date: /home/zuleikarg/Desktop/pdm/base_ws/install/robot_trials/share/ament_index/resource_index/rosidl_interfaces/robot_trials
-- Up-to-date: /home/zuleikarg/Desktop/pdm/base_ws/install/robot_trials/include/robot_trials/robot_trials
-- Up-to-date: /home/zuleikarg/Desktop/pdm/base_ws/install/robot_trials/include/robot_trials/robot_trials/msg
-- Up-to-date: /home/zuleikarg/Desktop/pdm/base_ws/install/robot_trials/include/robot_trials/robot_trials/msg/detail
-- Up-to-date: /home/zuleikarg/Desktop/pdm/base_ws/install/robot_trials/include/robot_trials/robot_trials/msg/detail/base_plan__struct.h
-- Up-to-date: /home/zuleikarg/Desktop/pdm/base_ws/install/robot_trials/include/robot_trials/robot_trials/msg/detail/base_plan__functions.c
-- Up-to-date: /home/zuleikarg/Desktop/pdm/base_ws/install/robot_trials/include/robot_trials/robot_trials/msg/detail/base_plan__functions.h
-- Up-to-date: /home/zuleikarg/Desktop/pdm/base_ws/install/robot_trials/include/robot_trials/robot_trials/msg/detail/base_plan__type_support.h
-- Up-to-date: /home/zuleikarg/Desktop/pdm/base_ws/install/robot_trials/include/robot_trials/robot_trials/msg/base_plan.h
-- Up-to-date: /home/zuleikarg/Desktop/pdm/base_ws/install/robot_trials/include/robot_trials/robot_trials/msg/rosidl_generator_c__visibility_control.h
-- Up-to-date: /home/zuleikarg/Desktop/pdm/base_ws/install/robot_trials/share/robot_trials/environment/library_path.sh
-- Up-to-date: /home/zuleikarg/Desktop/pdm/base_ws/install/robot_trials/share/robot_trials/environment/library_path.dsv
-- Up-to-date: /home/zuleikarg/Desktop/pdm/base_ws/install/robot_trials/lib/librobot_trials__rosidl_generator_c.so
-- Up-to-date: /home/zuleikarg/Desktop/pdm/base_ws/install/robot_trials/include/robot_trials/robot_trials
-- Up-to-date: /home/zuleikarg/Desktop/pdm/base_ws/install/robot_trials/include/robot_trials/robot_trials/msg
-- Up-to-date: /home/zuleikarg/Desktop/pdm/base_ws/install/robot_trials/include/robot_trials/robot_trials/msg/detail
-- Up-to-date: /home/zuleikarg/Desktop/pdm/base_ws/install/robot_trials/include/robot_trials/robot_trials/msg/detail/base_plan__rosidl_typesupport_fastrtps_c.h
-- Up-to-date: /home/zuleikarg/Desktop/pdm/base_ws/install/robot_trials/include/robot_trials/robot_trials/msg/rosidl_typesupport_fastrtps_c__visibility_control.h
-- Up-to-date: /home/zuleikarg/Desktop/pdm/base_ws/install/robot_trials/lib/librobot_trials__rosidl_typesupport_fastrtps_c.so
-- Up-to-date: /home/zuleikarg/Desktop/pdm/base_ws/install/robot_trials/include/robot_trials/robot_trials
-- Up-to-date: /home/zuleikarg/Desktop/pdm/base_ws/install/robot_trials/include/robot_trials/robot_trials/msg
-- Up-to-date: /home/zuleikarg/Desktop/pdm/base_ws/install/robot_trials/include/robot_trials/robot_trials/msg/detail
-- Up-to-date: /home/zuleikarg/Desktop/pdm/base_ws/install/robot_trials/include/robot_trials/robot_trials/msg/detail/base_plan__traits.hpp
-- Up-to-date: /home/zuleikarg/Desktop/pdm/base_ws/install/robot_trials/include/robot_trials/robot_trials/msg/detail/base_plan__struct.hpp
-- Up-to-date: /home/zuleikarg/Desktop/pdm/base_ws/install/robot_trials/include/robot_trials/robot_trials/msg/detail/base_plan__builder.hpp
-- Up-to-date: /home/zuleikarg/Desktop/pdm/base_ws/install/robot_trials/include/robot_trials/robot_trials/msg/base_plan.hpp
-- Up-to-date: /home/zuleikarg/Desktop/pdm/base_ws/install/robot_trials/include/robot_trials/robot_trials
-- Up-to-date: /home/zuleikarg/Desktop/pdm/base_ws/install/robot_trials/include/robot_trials/robot_trials/msg
-- Up-to-date: /home/zuleikarg/Desktop/pdm/base_ws/install/robot_trials/include/robot_trials/robot_trials/msg/detail
-- Up-to-date: /home/zuleikarg/Desktop/pdm/base_ws/install/robot_trials/include/robot_trials/robot_trials/msg/detail/base_plan__rosidl_typesupport_fastrtps_cpp.hpp
-- Up-to-date: /home/zuleikarg/Desktop/pdm/base_ws/install/robot_trials/include/robot_trials/robot_trials/msg/detail/dds_fastrtps
-- Up-to-date: /home/zuleikarg/Desktop/pdm/base_ws/install/robot_trials/include/robot_trials/robot_trials/msg/rosidl_typesupport_fastrtps_cpp__visibility_control.h
-- Up-to-date: /home/zuleikarg/Desktop/pdm/base_ws/install/robot_trials/lib/librobot_trials__rosidl_typesupport_fastrtps_cpp.so
-- Up-to-date: /home/zuleikarg/Desktop/pdm/base_ws/install/robot_trials/include/robot_trials/robot_trials
-- Up-to-date: /home/zuleikarg/Desktop/pdm/base_ws/install/robot_trials/include/robot_trials/robot_trials/msg
-- Up-to-date: /home/zuleikarg/Desktop/pdm/base_ws/install/robot_trials/include/robot_trials/robot_trials/msg/detail
-- Up-to-date: /home/zuleikarg/Desktop/pdm/base_ws/install/robot_trials/include/robot_trials/robot_trials/msg/detail/base_plan__rosidl_typesupport_introspection_c.h
-- Up-to-date: /home/zuleikarg/Desktop/pdm/base_ws/install/robot_trials/include/robot_trials/robot_trials/msg/detail/base_plan__type_support.c
-- Up-to-date: /home/zuleikarg/Desktop/pdm/base_ws/install/robot_trials/include/robot_trials/robot_trials/msg/rosidl_typesupport_introspection_c__visibility_control.h
-- Up-to-date: /home/zuleikarg/Desktop/pdm/base_ws/install/robot_trials/lib/librobot_trials__rosidl_typesupport_introspection_c.so
-- Up-to-date: /home/zuleikarg/Desktop/pdm/base_ws/install/robot_trials/lib/librobot_trials__rosidl_typesupport_c.so
-- Up-to-date: /home/zuleikarg/Desktop/pdm/base_ws/install/robot_trials/include/robot_trials/robot_trials
-- Up-to-date: /home/zuleikarg/Desktop/pdm/base_ws/install/robot_trials/include/robot_trials/robot_trials/msg
-- Up-to-date: /home/zuleikarg/Desktop/pdm/base_ws/install/robot_trials/include/robot_trials/robot_trials/msg/detail
-- Up-to-date: /home/zuleikarg/Desktop/pdm/base_ws/install/robot_trials/include/robot_trials/robot_trials/msg/detail/base_plan__type_support.cpp
-- Up-to-date: /home/zuleikarg/Desktop/pdm/base_ws/install/robot_trials/include/robot_trials/robot_trials/msg/detail/base_plan__rosidl_typesupport_introspection_cpp.hpp
-- Up-to-date: /home/zuleikarg/Desktop/pdm/base_ws/install/robot_trials/lib/librobot_trials__rosidl_typesupport_introspection_cpp.so
-- Up-to-date: /home/zuleikarg/Desktop/pdm/base_ws/install/robot_trials/lib/librobot_trials__rosidl_typesupport_cpp.so
-- Up-to-date: /home/zuleikarg/Desktop/pdm/base_ws/install/robot_trials/share/robot_trials/environment/pythonpath.sh
-- Up-to-date: /home/zuleikarg/Desktop/pdm/base_ws/install/robot_trials/share/robot_trials/environment/pythonpath.dsv
-- Up-to-date: /home/zuleikarg/Desktop/pdm/base_ws/install/robot_trials/local/lib/python3.10/dist-packages/robot_trials-0.0.0-py3.10.egg-info
-- Installing: /home/zuleikarg/Desktop/pdm/base_ws/install/robot_trials/local/lib/python3.10/dist-packages/robot_trials-0.0.0-py3.10.egg-info/PKG-INFO
-- Installing: /home/zuleikarg/Desktop/pdm/base_ws/install/robot_trials/local/lib/python3.10/dist-packages/robot_trials-0.0.0-py3.10.egg-info/dependency_links.txt
-- Installing: /home/zuleikarg/Desktop/pdm/base_ws/install/robot_trials/local/lib/python3.10/dist-packages/robot_trials-0.0.0-py3.10.egg-info/top_level.txt
-- Installing: /home/zuleikarg/Desktop/pdm/base_ws/install/robot_trials/local/lib/python3.10/dist-packages/robot_trials-0.0.0-py3.10.egg-info/SOURCES.txt
-- Up-to-date: /home/zuleikarg/Desktop/pdm/base_ws/install/robot_trials/local/lib/python3.10/dist-packages/robot_trials
-- Up-to-date: /home/zuleikarg/Desktop/pdm/base_ws/install/robot_trials/local/lib/python3.10/dist-packages/robot_trials/msg
-- Up-to-date: /home/zuleikarg/Desktop/pdm/base_ws/install/robot_trials/local/lib/python3.10/dist-packages/robot_trials/msg/_base_plan_s.c
-- Up-to-date: /home/zuleikarg/Desktop/pdm/base_ws/install/robot_trials/local/lib/python3.10/dist-packages/robot_trials/msg/__init__.py
-- Up-to-date: /home/zuleikarg/Desktop/pdm/base_ws/install/robot_trials/local/lib/python3.10/dist-packages/robot_trials/msg/_base_plan.py
-- Up-to-date: /home/zuleikarg/Desktop/pdm/base_ws/install/robot_trials/local/lib/python3.10/dist-packages/robot_trials/robot_trials_s__rosidl_typesupport_introspection_c.cpython-310-x86_64-linux-gnu.so
-- Up-to-date: /home/zuleikarg/Desktop/pdm/base_ws/install/robot_trials/local/lib/python3.10/dist-packages/robot_trials/_robot_trials_s.ep.rosidl_typesupport_c.c
-- Up-to-date: /home/zuleikarg/Desktop/pdm/base_ws/install/robot_trials/local/lib/python3.10/dist-packages/robot_trials/_robot_trials_s.ep.rosidl_typesupport_fastrtps_c.c
-- Up-to-date: /home/zuleikarg/Desktop/pdm/base_ws/install/robot_trials/local/lib/python3.10/dist-packages/robot_trials/__init__.py
-- Up-to-date: /home/zuleikarg/Desktop/pdm/base_ws/install/robot_trials/local/lib/python3.10/dist-packages/robot_trials/robot_trials_s__rosidl_typesupport_fastrtps_c.cpython-310-x86_64-linux-gnu.so
-- Up-to-date: /home/zuleikarg/Desktop/pdm/base_ws/install/robot_trials/local/lib/python3.10/dist-packages/robot_trials/librobot_trials__rosidl_generator_py.so
-- Up-to-date: /home/zuleikarg/Desktop/pdm/base_ws/install/robot_trials/local/lib/python3.10/dist-packages/robot_trials/robot_trials_s__rosidl_typesupport_c.cpython-310-x86_64-linux-gnu.so
-- Up-to-date: /home/zuleikarg/Desktop/pdm/base_ws/install/robot_trials/local/lib/python3.10/dist-packages/robot_trials/_robot_trials_s.ep.rosidl_typesupport_introspection_c.c
Listing '/home/zuleikarg/Desktop/pdm/base_ws/install/robot_trials/local/lib/python3.10/dist-packages/robot_trials'...
Listing '/home/zuleikarg/Desktop/pdm/base_ws/install/robot_trials/local/lib/python3.10/dist-packages/robot_trials/msg'...
-- Up-to-date: /home/zuleikarg/Desktop/pdm/base_ws/install/robot_trials/local/lib/python3.10/dist-packages/robot_trials/robot_trials_s__rosidl_typesupport_fastrtps_c.cpython-310-x86_64-linux-gnu.so
-- Up-to-date: /home/zuleikarg/Desktop/pdm/base_ws/install/robot_trials/local/lib/python3.10/dist-packages/robot_trials/robot_trials_s__rosidl_typesupport_introspection_c.cpython-310-x86_64-linux-gnu.so
-- Up-to-date: /home/zuleikarg/Desktop/pdm/base_ws/install/robot_trials/local/lib/python3.10/dist-packages/robot_trials/robot_trials_s__rosidl_typesupport_c.cpython-310-x86_64-linux-gnu.so
-- Up-to-date: /home/zuleikarg/Desktop/pdm/base_ws/install/robot_trials/lib/librobot_trials__rosidl_generator_py.so
-- Up-to-date: /home/zuleikarg/Desktop/pdm/base_ws/install/robot_trials/share/robot_trials/msg/BasePlan.idl
-- Up-to-date: /home/zuleikarg/Desktop/pdm/base_ws/install/robot_trials/share/robot_trials/msg/BasePlan.msg
-- Up-to-date: /home/zuleikarg/Desktop/pdm/base_ws/install/robot_trials/share/robot_trials//launch
-- Installing: /home/zuleikarg/Desktop/pdm/base_ws/install/robot_trials/lib/robot_trials/base_planning_node.py
-- Up-to-date: /home/zuleikarg/Desktop/pdm/base_ws/install/robot_trials/lib/robot_trials/mobile_base_node.py
-- Up-to-date: /home/zuleikarg/Desktop/pdm/base_ws/install/robot_trials/share/ament_index/resource_index/package_run_dependencies/robot_trials
-- Up-to-date: /home/zuleikarg/Desktop/pdm/base_ws/install/robot_trials/share/ament_index/resource_index/parent_prefix_path/robot_trials
-- Up-to-date: /home/zuleikarg/Desktop/pdm/base_ws/install/robot_trials/share/robot_trials/environment/ament_prefix_path.sh
-- Up-to-date: /home/zuleikarg/Desktop/pdm/base_ws/install/robot_trials/share/robot_trials/environment/ament_prefix_path.dsv
-- Up-to-date: /home/zuleikarg/Desktop/pdm/base_ws/install/robot_trials/share/robot_trials/environment/path.sh
-- Up-to-date: /home/zuleikarg/Desktop/pdm/base_ws/install/robot_trials/share/robot_trials/environment/path.dsv
-- Up-to-date: /home/zuleikarg/Desktop/pdm/base_ws/install/robot_trials/share/robot_trials/local_setup.bash
-- Up-to-date: /home/zuleikarg/Desktop/pdm/base_ws/install/robot_trials/share/robot_trials/local_setup.sh
-- Up-to-date: /home/zuleikarg/Desktop/pdm/base_ws/install/robot_trials/share/robot_trials/local_setup.zsh
-- Up-to-date: /home/zuleikarg/Desktop/pdm/base_ws/install/robot_trials/share/robot_trials/local_setup.dsv
-- Installing: /home/zuleikarg/Desktop/pdm/base_ws/install/robot_trials/share/robot_trials/package.dsv
-- Up-to-date: /home/zuleikarg/Desktop/pdm/base_ws/install/robot_trials/share/ament_index/resource_index/packages/robot_trials
-- Up-to-date: /home/zuleikarg/Desktop/pdm/base_ws/install/robot_trials/share/robot_trials/cmake/export_robot_trials__rosidl_generator_cExport.cmake
-- Up-to-date: /home/zuleikarg/Desktop/pdm/base_ws/install/robot_trials/share/robot_trials/cmake/export_robot_trials__rosidl_generator_cExport-noconfig.cmake
-- Up-to-date: /home/zuleikarg/Desktop/pdm/base_ws/install/robot_trials/share/robot_trials/cmake/export_robot_trials__rosidl_typesupport_fastrtps_cExport.cmake
-- Up-to-date: /home/zuleikarg/Desktop/pdm/base_ws/install/robot_trials/share/robot_trials/cmake/export_robot_trials__rosidl_typesupport_fastrtps_cExport-noconfig.cmake
-- Up-to-date: /home/zuleikarg/Desktop/pdm/base_ws/install/robot_trials/share/robot_trials/cmake/export_robot_trials__rosidl_generator_cppExport.cmake
-- Up-to-date: /home/zuleikarg/Desktop/pdm/base_ws/install/robot_trials/share/robot_trials/cmake/export_robot_trials__rosidl_typesupport_fastrtps_cppExport.cmake
-- Up-to-date: /home/zuleikarg/Desktop/pdm/base_ws/install/robot_trials/share/robot_trials/cmake/export_robot_trials__rosidl_typesupport_fastrtps_cppExport-noconfig.cmake
-- Up-to-date: /home/zuleikarg/Desktop/pdm/base_ws/install/robot_trials/share/robot_trials/cmake/robot_trials__rosidl_typesupport_introspection_cExport.cmake
-- Up-to-date: /home/zuleikarg/Desktop/pdm/base_ws/install/robot_trials/share/robot_trials/cmake/robot_trials__rosidl_typesupport_introspection_cExport-noconfig.cmake
-- Up-to-date: /home/zuleikarg/Desktop/pdm/base_ws/install/robot_trials/share/robot_trials/cmake/robot_trials__rosidl_typesupport_cExport.cmake
-- Up-to-date: /home/zuleikarg/Desktop/pdm/base_ws/install/robot_trials/share/robot_trials/cmake/robot_trials__rosidl_typesupport_cExport-noconfig.cmake
-- Up-to-date: /home/zuleikarg/Desktop/pdm/base_ws/install/robot_trials/share/robot_trials/cmake/robot_trials__rosidl_typesupport_introspection_cppExport.cmake
-- Up-to-date: /home/zuleikarg/Desktop/pdm/base_ws/install/robot_trials/share/robot_trials/cmake/robot_trials__rosidl_typesupport_introspection_cppExport-noconfig.cmake
-- Up-to-date: /home/zuleikarg/Desktop/pdm/base_ws/install/robot_trials/share/robot_trials/cmake/robot_trials__rosidl_typesupport_cppExport.cmake
-- Up-to-date: /home/zuleikarg/Desktop/pdm/base_ws/install/robot_trials/share/robot_trials/cmake/robot_trials__rosidl_typesupport_cppExport-noconfig.cmake
-- Up-to-date: /home/zuleikarg/Desktop/pdm/base_ws/install/robot_trials/share/robot_trials/cmake/export_robot_trials__rosidl_generator_pyExport.cmake
-- Up-to-date: /home/zuleikarg/Desktop/pdm/base_ws/install/robot_trials/share/robot_trials/cmake/export_robot_trials__rosidl_generator_pyExport-noconfig.cmake
-- Up-to-date: /home/zuleikarg/Desktop/pdm/base_ws/install/robot_trials/share/robot_trials/cmake/ament_cmake_export_dependencies-extras.cmake
-- Up-to-date: /home/zuleikarg/Desktop/pdm/base_ws/install/robot_trials/share/robot_trials/cmake/rosidl_cmake-extras.cmake
-- Up-to-date: /home/zuleikarg/Desktop/pdm/base_ws/install/robot_trials/share/robot_trials/cmake/ament_cmake_export_include_directories-extras.cmake
-- Up-to-date: /home/zuleikarg/Desktop/pdm/base_ws/install/robot_trials/share/robot_trials/cmake/ament_cmake_export_libraries-extras.cmake
-- Up-to-date: /home/zuleikarg/Desktop/pdm/base_ws/install/robot_trials/share/robot_trials/cmake/ament_cmake_export_targets-extras.cmake
-- Up-to-date: /home/zuleikarg/Desktop/pdm/base_ws/install/robot_trials/share/robot_trials/cmake/rosidl_cmake_export_typesupport_targets-extras.cmake
-- Up-to-date: /home/zuleikarg/Desktop/pdm/base_ws/install/robot_trials/share/robot_trials/cmake/rosidl_cmake_export_typesupport_libraries-extras.cmake
-- Up-to-date: /home/zuleikarg/Desktop/pdm/base_ws/install/robot_trials/share/robot_trials/cmake/robot_trialsConfig.cmake
-- Up-to-date: /home/zuleikarg/Desktop/pdm/base_ws/install/robot_trials/share/robot_trials/cmake/robot_trialsConfig-version.cmake
-- Up-to-date: /home/zuleikarg/Desktop/pdm/base_ws/install/robot_trials/share/robot_trials/package.xml
