[0.010s] Invoking command in '/home/zuleikarg/Desktop/pdm/base_ws/build/robot_trials': CMAKE_PREFIX_PATH=${CMAKE_PREFIX_PATH}:/opt/ros/humble CONDA_PROMPT_MODIFIER=(ros2) PS1=Singularity:\W> /usr/bin/cmake /home/zuleikarg/Desktop/pdm/base_ws/src/robot_trials -DCMAKE_INSTALL_PREFIX=/home/zuleikarg/Desktop/pdm/base_ws/install/robot_trials
[0.022s] -- Found ament_cmake: 1.3.10 (/opt/ros/humble/share/ament_cmake/cmake)
[0.147s] -- Found rclcpp: 16.0.10 (/opt/ros/humble/share/rclcpp/cmake)
[0.179s] -- Found rosidl_generator_c: 3.1.5 (/opt/ros/humble/share/rosidl_generator_c/cmake)
[0.183s] -- Found rosidl_adapter: 3.1.5 (/opt/ros/humble/share/rosidl_adapter/cmake)
[0.189s] -- Found rosidl_generator_cpp: 3.1.5 (/opt/ros/humble/share/rosidl_generator_cpp/cmake)
[0.199s] -- Using all available rosidl_typesupport_c: rosidl_typesupport_fastrtps_c;rosidl_typesupport_introspection_c
[0.212s] -- Using all available rosidl_typesupport_cpp: rosidl_typesupport_fastrtps_cpp;rosidl_typesupport_introspection_cpp
[0.246s] -- Found rmw_implementation_cmake: 6.1.2 (/opt/ros/humble/share/rmw_implementation_cmake/cmake)
[0.247s] -- Found rmw_fastrtps_cpp: 6.2.7 (/opt/ros/humble/share/rmw_fastrtps_cpp/cmake)
[0.352s] -- Using RMW implementation 'rmw_fastrtps_cpp' as default
[0.402s] -- Found rosidl_default_generators: 1.2.0 (/opt/ros/humble/share/rosidl_default_generators/cmake)
[0.576s] [31mCMake Error at /opt/ros/humble/share/rosidl_cmake/cmake/rosidl_generate_interfaces.cmake:229 (message):
[0.577s]   Packages installing interfaces must include
[0.577s]   '<member_of_group>rosidl_interface_packages</member_of_group>' in their
[0.577s]   package.xml
[0.577s] Call Stack (most recent call first):
[0.577s]   CMakeLists.txt:24 (rosidl_generate_interfaces)
[0.577s] 
[0.577s] [0m
[0.577s] -- Configuring incomplete, errors occurred!
[0.577s] See also "/home/zuleikarg/Desktop/pdm/base_ws/build/robot_trials/CMakeFiles/CMakeOutput.log".
[0.583s] Invoked command in '/home/zuleikarg/Desktop/pdm/base_ws/build/robot_trials' returned '1': CMAKE_PREFIX_PATH=${CMAKE_PREFIX_PATH}:/opt/ros/humble CONDA_PROMPT_MODIFIER=(ros2) PS1=Singularity:\W> /usr/bin/cmake /home/zuleikarg/Desktop/pdm/base_ws/src/robot_trials -DCMAKE_INSTALL_PREFIX=/home/zuleikarg/Desktop/pdm/base_ws/install/robot_trials
