[0.012s] Invoking command in '/home/zuleikarg/Desktop/pdm/base_ws/build/robot_trials': CMAKE_PREFIX_PATH=${CMAKE_PREFIX_PATH}:/opt/ros/humble CONDA_PROMPT_MODIFIER=(ros2) PS1=Singularity:\W> /usr/bin/cmake --build /home/zuleikarg/Desktop/pdm/base_ws/build/robot_trials -- -j12 -l12
[0.036s] -- Found ament_cmake: 1.3.10 (/opt/ros/humble/share/ament_cmake/cmake)
[0.159s] -- Found rclpy: 3.3.14 (/opt/ros/humble/share/rclpy/cmake)
[0.160s] -- Found std_msgs: 4.2.4 (/opt/ros/humble/share/std_msgs/cmake)
[0.183s] -- Found rosidl_generator_c: 3.1.5 (/opt/ros/humble/share/rosidl_generator_c/cmake)
[0.186s] -- Found rosidl_adapter: 3.1.5 (/opt/ros/humble/share/rosidl_adapter/cmake)
[0.192s] -- Found rosidl_generator_cpp: 3.1.5 (/opt/ros/humble/share/rosidl_generator_cpp/cmake)
[0.201s] -- Using all available rosidl_typesupport_c: rosidl_typesupport_fastrtps_c;rosidl_typesupport_introspection_c
[0.214s] -- Using all available rosidl_typesupport_cpp: rosidl_typesupport_fastrtps_cpp;rosidl_typesupport_introspection_cpp
[0.237s] -- Found rosidl_default_generators: 1.2.0 (/opt/ros/humble/share/rosidl_default_generators/cmake)
[0.244s] [31mCMake Error at /opt/ros/humble/share/ament_cmake_target_dependencies/cmake/ament_target_dependencies.cmake:77 (message):
[0.244s]   ament_target_dependencies() the passed package name 'rclcpp' was not found
[0.244s]   before
[0.244s] Call Stack (most recent call first):
[0.244s]   CMakeLists.txt:26 (ament_target_dependencies)
[0.244s] 
[0.244s] [0m
[0.244s] -- Configuring incomplete, errors occurred!
[0.244s] See also "/home/zuleikarg/Desktop/pdm/base_ws/build/robot_trials/CMakeFiles/CMakeOutput.log".
[0.247s] gmake: *** [Makefile:747: cmake_check_build_system] Error 1
[0.249s] Invoked command in '/home/zuleikarg/Desktop/pdm/base_ws/build/robot_trials' returned '2': CMAKE_PREFIX_PATH=${CMAKE_PREFIX_PATH}:/opt/ros/humble CONDA_PROMPT_MODIFIER=(ros2) PS1=Singularity:\W> /usr/bin/cmake --build /home/zuleikarg/Desktop/pdm/base_ws/build/robot_trials -- -j12 -l12
