[0.008s] Invoking command in '/home/zuleikarg/Desktop/pdm/base_ws/build/robot_trials': CONDA_PROMPT_MODIFIER=(ros2) PS1=Singularity:\W> /usr/bin/cmake /home/zuleikarg/Desktop/pdm/base_ws/src/robot_trials -DCMAKE_INSTALL_PREFIX=/home/zuleikarg/Desktop/pdm/base_ws/install/robot_trials
[0.209s] -- The C compiler identification is GNU 11.4.0
[0.367s] -- The CXX compiler identification is GNU 11.4.0
[0.375s] -- Detecting C compiler ABI info
[0.441s] -- Detecting C compiler ABI info - done
[0.448s] -- Check for working C compiler: /usr/bin/cc - skipped
[0.448s] -- Detecting C compile features
[0.449s] -- Detecting C compile features - done
[0.452s] -- Detecting CXX compiler ABI info
[0.530s] -- Detecting CXX compiler ABI info - done
[0.537s] -- Check for working CXX compiler: /usr/bin/c++ - skipped
[0.537s] -- Detecting CXX compile features
[0.538s] -- Detecting CXX compile features - done
[0.549s] [31mCMake Error at CMakeLists.txt:9 (find_package):
[0.549s]   By not providing "Findament_cmake.cmake" in CMAKE_MODULE_PATH this project
[0.549s]   has asked CMake to find a package configuration file provided by
[0.549s]   "ament_cmake", but CMake did not find one.
[0.549s] 
[0.549s]   Could not find a package configuration file provided by "ament_cmake" with
[0.550s]   any of the following names:
[0.550s] 
[0.550s]     ament_cmakeConfig.cmake
[0.550s]     ament_cmake-config.cmake
[0.550s] 
[0.550s]   Add the installation prefix of "ament_cmake" to CMAKE_PREFIX_PATH or set
[0.550s]   "ament_cmake_DIR" to a directory containing one of the above files.  If
[0.550s]   "ament_cmake" provides a separate development package or SDK, be sure it
[0.550s]   has been installed.
[0.550s] 
[0.550s] [0m
[0.550s] -- Configuring incomplete, errors occurred!
[0.550s] See also "/home/zuleikarg/Desktop/pdm/base_ws/build/robot_trials/CMakeFiles/CMakeOutput.log".
[0.552s] Invoked command in '/home/zuleikarg/Desktop/pdm/base_ws/build/robot_trials' returned '1': CONDA_PROMPT_MODIFIER=(ros2) PS1=Singularity:\W> /usr/bin/cmake /home/zuleikarg/Desktop/pdm/base_ws/src/robot_trials -DCMAKE_INSTALL_PREFIX=/home/zuleikarg/Desktop/pdm/base_ws/install/robot_trials
