[0.011s] Invoking command in '/home/zuleikarg/Desktop/pdm/base_ws/build/robot_trials': CMAKE_PREFIX_PATH=${CMAKE_PREFIX_PATH}:/opt/ros/humble CONDA_PROMPT_MODIFIER=(ros2) PS1=Singularity:\W> /usr/bin/cmake /home/zuleikarg/Desktop/pdm/base_ws/src/robot_trials -DCMAKE_INSTALL_PREFIX=/home/zuleikarg/Desktop/pdm/base_ws/install/robot_trials
[0.022s] -- Found ament_cmake: 1.3.10 (/opt/ros/humble/share/ament_cmake/cmake)
[0.140s] -- Found rclcpp: 16.0.10 (/opt/ros/humble/share/rclcpp/cmake)
[0.168s] -- Found rosidl_generator_c: 3.1.5 (/opt/ros/humble/share/rosidl_generator_c/cmake)
[0.171s] -- Found rosidl_adapter: 3.1.5 (/opt/ros/humble/share/rosidl_adapter/cmake)
[0.177s] -- Found rosidl_generator_cpp: 3.1.5 (/opt/ros/humble/share/rosidl_generator_cpp/cmake)
[0.186s] -- Using all available rosidl_typesupport_c: rosidl_typesupport_fastrtps_c;rosidl_typesupport_introspection_c
[0.198s] -- Using all available rosidl_typesupport_cpp: rosidl_typesupport_fastrtps_cpp;rosidl_typesupport_introspection_cpp
[0.231s] -- Found rmw_implementation_cmake: 6.1.2 (/opt/ros/humble/share/rmw_implementation_cmake/cmake)
[0.232s] -- Found rmw_fastrtps_cpp: 6.2.7 (/opt/ros/humble/share/rmw_fastrtps_cpp/cmake)
[0.330s] -- Using RMW implementation 'rmw_fastrtps_cpp' as default
[0.379s] -- Found rosidl_default_generators: 1.2.0 (/opt/ros/humble/share/rosidl_default_generators/cmake)
[0.620s] -- Found ament_cmake_ros: 0.10.0 (/opt/ros/humble/share/ament_cmake_ros/cmake)
[0.917s] -- Using all available rosidl_typesupport_c: rosidl_typesupport_fastrtps_c;rosidl_typesupport_introspection_c
[1.035s] -- Using all available rosidl_typesupport_cpp: rosidl_typesupport_fastrtps_cpp;rosidl_typesupport_introspection_cpp
[1.060s] -- Found PythonInterp: /usr/bin/python3 (found suitable version "3.10.12", minimum required is "3.6") 
[1.063s] -- Found python_cmake_module: 0.10.0 (/opt/ros/humble/share/python_cmake_module/cmake)
[1.091s] -- Found PythonLibs: /usr/lib/x86_64-linux-gnu/libpython3.10.so (found suitable version "3.10.12", minimum required is "3.5") 
[1.091s] -- Using PYTHON_EXECUTABLE: /usr/bin/python3
[1.091s] -- Using PYTHON_INCLUDE_DIRS: /usr/include/python3.10
[1.091s] -- Using PYTHON_LIBRARIES: /usr/lib/x86_64-linux-gnu/libpython3.10.so
[1.111s] -- Found PythonExtra: .so  
[1.147s] -- Found ament_lint_auto: 0.12.11 (/opt/ros/humble/share/ament_lint_auto/cmake)
[1.171s] -- Added test 'lint_cmake' to check CMake code style
[1.172s] -- Added test 'xmllint' to check XML markup files
[1.175s] -- Configuring done
[1.205s] -- Generating done
[1.207s] -- Build files have been written to: /home/zuleikarg/Desktop/pdm/base_ws/build/robot_trials
[1.214s] Invoked command in '/home/zuleikarg/Desktop/pdm/base_ws/build/robot_trials' returned '0': CMAKE_PREFIX_PATH=${CMAKE_PREFIX_PATH}:/opt/ros/humble CONDA_PROMPT_MODIFIER=(ros2) PS1=Singularity:\W> /usr/bin/cmake /home/zuleikarg/Desktop/pdm/base_ws/src/robot_trials -DCMAKE_INSTALL_PREFIX=/home/zuleikarg/Desktop/pdm/base_ws/install/robot_trials
[1.216s] Invoking command in '/home/zuleikarg/Desktop/pdm/base_ws/build/robot_trials': CMAKE_PREFIX_PATH=${CMAKE_PREFIX_PATH}:/opt/ros/humble CONDA_PROMPT_MODIFIER=(ros2) PS1=Singularity:\W> /usr/bin/cmake --build /home/zuleikarg/Desktop/pdm/base_ws/build/robot_trials -- -j12 -l12
[1.252s] [  3%] [34m[1mGenerating C code for ROS interfaces[0m
[1.262s] [  6%] [34m[1mGenerating C++ code for ROS interfaces[0m
[1.268s] [  6%] Built target ament_cmake_python_copy_robot_trials
[1.504s] [  6%] Built target robot_trials__cpp
[1.510s] running egg_info
[1.511s] creating robot_trials.egg-info
[1.511s] writing robot_trials.egg-info/PKG-INFO
[1.512s] writing dependency_links to robot_trials.egg-info/dependency_links.txt
[1.512s] writing top-level names to robot_trials.egg-info/top_level.txt
[1.512s] writing manifest file 'robot_trials.egg-info/SOURCES.txt'
[1.516s] reading manifest file 'robot_trials.egg-info/SOURCES.txt'
[1.516s] [  9%] [34m[1mGenerating C++ type support for eProsima Fast-RTPS[0m
[1.517s] writing manifest file 'robot_trials.egg-info/SOURCES.txt'
[1.517s] [ 12%] [34m[1mGenerating C++ type support dispatch for ROS interfaces[0m
[1.519s] [ 16%] [34m[1mGenerating C++ introspection for ROS interfaces[0m
[1.536s] [ 19%] [32mBuilding C object CMakeFiles/robot_trials__rosidl_generator_c.dir/rosidl_generator_c/robot_trials/msg/detail/base_plan__functions.c.o[0m
[1.549s] [ 19%] Built target ament_cmake_python_build_robot_trials_egg
[1.638s] [ 22%] [32m[1mLinking C shared library librobot_trials__rosidl_generator_c.so[0m
[1.684s] [ 22%] Built target robot_trials__rosidl_generator_c
[1.695s] [ 25%] [34m[1mGenerating C type support for eProsima Fast-RTPS[0m
[1.699s] [ 32%] [34m[1mGenerating C introspection for ROS interfaces[0m
[1.699s] [ 32%] [34m[1mGenerating C type support dispatch for ROS interfaces[0m
[1.773s] [ 35%] [32mBuilding CXX object CMakeFiles/robot_trials__rosidl_typesupport_cpp.dir/rosidl_typesupport_cpp/robot_trials/msg/base_plan__type_support.cpp.o[0m
[1.811s] [ 41%] [32mBuilding CXX object CMakeFiles/robot_trials__rosidl_typesupport_fastrtps_cpp.dir/rosidl_typesupport_fastrtps_cpp/robot_trials/msg/detail/dds_fastrtps/base_plan__type_support.cpp.o[0m
[1.812s] [ 41%] [32mBuilding CXX object CMakeFiles/robot_trials__rosidl_typesupport_introspection_cpp.dir/rosidl_typesupport_introspection_cpp/robot_trials/msg/detail/base_plan__type_support.cpp.o[0m
[1.993s] [ 45%] [32mBuilding C object CMakeFiles/robot_trials__rosidl_typesupport_introspection_c.dir/rosidl_typesupport_introspection_c/robot_trials/msg/detail/base_plan__type_support.c.o[0m
[1.999s] [ 48%] [32mBuilding CXX object CMakeFiles/robot_trials__rosidl_typesupport_c.dir/rosidl_typesupport_c/robot_trials/msg/base_plan__type_support.cpp.o[0m
[2.037s] [ 51%] [32m[1mLinking C shared library librobot_trials__rosidl_typesupport_introspection_c.so[0m
[2.066s] [ 54%] [32m[1mLinking CXX shared library librobot_trials__rosidl_typesupport_c.so[0m
[2.072s] [ 54%] Built target robot_trials__rosidl_typesupport_introspection_c
[2.111s] [ 54%] Built target robot_trials__rosidl_typesupport_c
[2.133s] [ 58%] [32mBuilding CXX object CMakeFiles/robot_trials__rosidl_typesupport_fastrtps_c.dir/rosidl_typesupport_fastrtps_c/robot_trials/msg/detail/base_plan__type_support_c.cpp.o[0m
[2.242s] [ 61%] [32m[1mLinking CXX shared library librobot_trials__rosidl_typesupport_cpp.so[0m
[2.286s] [ 61%] Built target robot_trials__rosidl_typesupport_cpp
[2.379s] [ 64%] [32m[1mLinking CXX shared library librobot_trials__rosidl_typesupport_introspection_cpp.so[0m
[2.387s] [ 67%] [32m[1mLinking CXX shared library librobot_trials__rosidl_typesupport_fastrtps_cpp.so[0m
[2.464s] [ 67%] Built target robot_trials__rosidl_typesupport_introspection_cpp
[2.473s] [ 67%] Built target robot_trials__rosidl_typesupport_fastrtps_cpp
[2.480s] [ 70%] [32m[1mLinking CXX shared library librobot_trials__rosidl_typesupport_fastrtps_c.so[0m
[2.555s] [ 70%] Built target robot_trials__rosidl_typesupport_fastrtps_c
[2.574s] [ 70%] Built target robot_trials
[2.601s] [ 74%] [34m[1mGenerating Python code for ROS interfaces[0m
[3.041s] [ 74%] Built target robot_trials__py
[3.070s] [ 77%] [32mBuilding C object CMakeFiles/robot_trials__rosidl_generator_py.dir/rosidl_generator_py/robot_trials/msg/_base_plan_s.c.o[0m
[3.334s] [ 80%] [32m[1mLinking C shared library rosidl_generator_py/robot_trials/librobot_trials__rosidl_generator_py.so[0m
[3.392s] [ 80%] Built target robot_trials__rosidl_generator_py
[3.421s] [ 87%] [32mBuilding C object CMakeFiles/robot_trials__rosidl_typesupport_c__pyext.dir/rosidl_generator_py/robot_trials/_robot_trials_s.ep.rosidl_typesupport_c.c.o[0m
[3.422s] [ 87%] [32mBuilding C object CMakeFiles/robot_trials__rosidl_typesupport_introspection_c__pyext.dir/rosidl_generator_py/robot_trials/_robot_trials_s.ep.rosidl_typesupport_introspection_c.c.o[0m
[3.422s] [ 90%] [32mBuilding C object CMakeFiles/robot_trials__rosidl_typesupport_fastrtps_c__pyext.dir/rosidl_generator_py/robot_trials/_robot_trials_s.ep.rosidl_typesupport_fastrtps_c.c.o[0m
[3.567s] [ 93%] [32m[1mLinking C shared library rosidl_generator_py/robot_trials/robot_trials_s__rosidl_typesupport_c.cpython-310-x86_64-linux-gnu.so[0m
[3.568s] [ 96%] [32m[1mLinking C shared library rosidl_generator_py/robot_trials/robot_trials_s__rosidl_typesupport_introspection_c.cpython-310-x86_64-linux-gnu.so[0m
[3.576s] [100%] [32m[1mLinking C shared library rosidl_generator_py/robot_trials/robot_trials_s__rosidl_typesupport_fastrtps_c.cpython-310-x86_64-linux-gnu.so[0m
[3.608s] [100%] Built target robot_trials__rosidl_typesupport_c__pyext
[3.610s] [100%] Built target robot_trials__rosidl_typesupport_introspection_c__pyext
[3.615s] [100%] Built target robot_trials__rosidl_typesupport_fastrtps_c__pyext
[3.624s] Invoked command in '/home/zuleikarg/Desktop/pdm/base_ws/build/robot_trials' returned '0': CMAKE_PREFIX_PATH=${CMAKE_PREFIX_PATH}:/opt/ros/humble CONDA_PROMPT_MODIFIER=(ros2) PS1=Singularity:\W> /usr/bin/cmake --build /home/zuleikarg/Desktop/pdm/base_ws/build/robot_trials -- -j12 -l12
[3.687s] Invoking command in '/home/zuleikarg/Desktop/pdm/base_ws/build/robot_trials': CMAKE_PREFIX_PATH=${CMAKE_PREFIX_PATH}:/opt/ros/humble CONDA_PROMPT_MODIFIER=(ros2) PS1=Singularity:\W> /usr/bin/cmake --install /home/zuleikarg/Desktop/pdm/base_ws/build/robot_trials
[3.693s] -- Install configuration: ""
[3.693s] -- Installing: /home/zuleikarg/Desktop/pdm/base_ws/install/robot_trials/share/ament_index/resource_index/rosidl_interfaces/robot_trials
[3.693s] -- Installing: /home/zuleikarg/Desktop/pdm/base_ws/install/robot_trials/include/robot_trials/robot_trials
[3.693s] -- Installing: /home/zuleikarg/Desktop/pdm/base_ws/install/robot_trials/include/robot_trials/robot_trials/msg
[3.693s] -- Installing: /home/zuleikarg/Desktop/pdm/base_ws/install/robot_trials/include/robot_trials/robot_trials/msg/detail
[3.693s] -- Installing: /home/zuleikarg/Desktop/pdm/base_ws/install/robot_trials/include/robot_trials/robot_trials/msg/detail/base_plan__struct.h
[3.694s] -- Installing: /home/zuleikarg/Desktop/pdm/base_ws/install/robot_trials/include/robot_trials/robot_trials/msg/detail/base_plan__functions.c
[3.694s] -- Installing: /home/zuleikarg/Desktop/pdm/base_ws/install/robot_trials/include/robot_trials/robot_trials/msg/detail/base_plan__functions.h
[3.694s] -- Installing: /home/zuleikarg/Desktop/pdm/base_ws/install/robot_trials/include/robot_trials/robot_trials/msg/detail/base_plan__type_support.h
[3.694s] -- Installing: /home/zuleikarg/Desktop/pdm/base_ws/install/robot_trials/include/robot_trials/robot_trials/msg/base_plan.h
[3.694s] -- Installing: /home/zuleikarg/Desktop/pdm/base_ws/install/robot_trials/include/robot_trials/robot_trials/msg/rosidl_generator_c__visibility_control.h
[3.694s] -- Installing: /home/zuleikarg/Desktop/pdm/base_ws/install/robot_trials/share/robot_trials/environment/library_path.sh
[3.694s] -- Installing: /home/zuleikarg/Desktop/pdm/base_ws/install/robot_trials/share/robot_trials/environment/library_path.dsv
[3.694s] -- Installing: /home/zuleikarg/Desktop/pdm/base_ws/install/robot_trials/lib/librobot_trials__rosidl_generator_c.so
[3.695s] -- Set runtime path of "/home/zuleikarg/Desktop/pdm/base_ws/install/robot_trials/lib/librobot_trials__rosidl_generator_c.so" to ""
[3.695s] -- Up-to-date: /home/zuleikarg/Desktop/pdm/base_ws/install/robot_trials/include/robot_trials/robot_trials
[3.695s] -- Up-to-date: /home/zuleikarg/Desktop/pdm/base_ws/install/robot_trials/include/robot_trials/robot_trials/msg
[3.695s] -- Up-to-date: /home/zuleikarg/Desktop/pdm/base_ws/install/robot_trials/include/robot_trials/robot_trials/msg/detail
[3.695s] -- Installing: /home/zuleikarg/Desktop/pdm/base_ws/install/robot_trials/include/robot_trials/robot_trials/msg/detail/base_plan__rosidl_typesupport_fastrtps_c.h
[3.695s] -- Installing: /home/zuleikarg/Desktop/pdm/base_ws/install/robot_trials/include/robot_trials/robot_trials/msg/rosidl_typesupport_fastrtps_c__visibility_control.h
[3.695s] -- Installing: /home/zuleikarg/Desktop/pdm/base_ws/install/robot_trials/lib/librobot_trials__rosidl_typesupport_fastrtps_c.so
[3.695s] -- Set runtime path of "/home/zuleikarg/Desktop/pdm/base_ws/install/robot_trials/lib/librobot_trials__rosidl_typesupport_fastrtps_c.so" to ""
[3.695s] -- Up-to-date: /home/zuleikarg/Desktop/pdm/base_ws/install/robot_trials/include/robot_trials/robot_trials
[3.695s] -- Up-to-date: /home/zuleikarg/Desktop/pdm/base_ws/install/robot_trials/include/robot_trials/robot_trials/msg
[3.696s] -- Up-to-date: /home/zuleikarg/Desktop/pdm/base_ws/install/robot_trials/include/robot_trials/robot_trials/msg/detail
[3.696s] -- Installing: /home/zuleikarg/Desktop/pdm/base_ws/install/robot_trials/include/robot_trials/robot_trials/msg/detail/base_plan__traits.hpp
[3.696s] -- Installing: /home/zuleikarg/Desktop/pdm/base_ws/install/robot_trials/include/robot_trials/robot_trials/msg/detail/base_plan__struct.hpp
[3.696s] -- Installing: /home/zuleikarg/Desktop/pdm/base_ws/install/robot_trials/include/robot_trials/robot_trials/msg/detail/base_plan__builder.hpp
[3.696s] -- Installing: /home/zuleikarg/Desktop/pdm/base_ws/install/robot_trials/include/robot_trials/robot_trials/msg/base_plan.hpp
[3.696s] -- Up-to-date: /home/zuleikarg/Desktop/pdm/base_ws/install/robot_trials/include/robot_trials/robot_trials
[3.696s] -- Up-to-date: /home/zuleikarg/Desktop/pdm/base_ws/install/robot_trials/include/robot_trials/robot_trials/msg
[3.696s] -- Up-to-date: /home/zuleikarg/Desktop/pdm/base_ws/install/robot_trials/include/robot_trials/robot_trials/msg/detail
[3.696s] -- Installing: /home/zuleikarg/Desktop/pdm/base_ws/install/robot_trials/include/robot_trials/robot_trials/msg/detail/base_plan__rosidl_typesupport_fastrtps_cpp.hpp
[3.696s] -- Installing: /home/zuleikarg/Desktop/pdm/base_ws/install/robot_trials/include/robot_trials/robot_trials/msg/detail/dds_fastrtps
[3.696s] -- Installing: /home/zuleikarg/Desktop/pdm/base_ws/install/robot_trials/include/robot_trials/robot_trials/msg/rosidl_typesupport_fastrtps_cpp__visibility_control.h
[3.696s] -- Installing: /home/zuleikarg/Desktop/pdm/base_ws/install/robot_trials/lib/librobot_trials__rosidl_typesupport_fastrtps_cpp.so
[3.697s] -- Set runtime path of "/home/zuleikarg/Desktop/pdm/base_ws/install/robot_trials/lib/librobot_trials__rosidl_typesupport_fastrtps_cpp.so" to ""
[3.697s] -- Up-to-date: /home/zuleikarg/Desktop/pdm/base_ws/install/robot_trials/include/robot_trials/robot_trials
[3.697s] -- Up-to-date: /home/zuleikarg/Desktop/pdm/base_ws/install/robot_trials/include/robot_trials/robot_trials/msg
[3.697s] -- Up-to-date: /home/zuleikarg/Desktop/pdm/base_ws/install/robot_trials/include/robot_trials/robot_trials/msg/detail
[3.697s] -- Installing: /home/zuleikarg/Desktop/pdm/base_ws/install/robot_trials/include/robot_trials/robot_trials/msg/detail/base_plan__rosidl_typesupport_introspection_c.h
[3.697s] -- Installing: /home/zuleikarg/Desktop/pdm/base_ws/install/robot_trials/include/robot_trials/robot_trials/msg/detail/base_plan__type_support.c
[3.697s] -- Installing: /home/zuleikarg/Desktop/pdm/base_ws/install/robot_trials/include/robot_trials/robot_trials/msg/rosidl_typesupport_introspection_c__visibility_control.h
[3.697s] -- Installing: /home/zuleikarg/Desktop/pdm/base_ws/install/robot_trials/lib/librobot_trials__rosidl_typesupport_introspection_c.so
[3.697s] -- Set runtime path of "/home/zuleikarg/Desktop/pdm/base_ws/install/robot_trials/lib/librobot_trials__rosidl_typesupport_introspection_c.so" to ""
[3.697s] -- Installing: /home/zuleikarg/Desktop/pdm/base_ws/install/robot_trials/lib/librobot_trials__rosidl_typesupport_c.so
[3.698s] -- Set runtime path of "/home/zuleikarg/Desktop/pdm/base_ws/install/robot_trials/lib/librobot_trials__rosidl_typesupport_c.so" to ""
[3.698s] -- Up-to-date: /home/zuleikarg/Desktop/pdm/base_ws/install/robot_trials/include/robot_trials/robot_trials
[3.698s] -- Up-to-date: /home/zuleikarg/Desktop/pdm/base_ws/install/robot_trials/include/robot_trials/robot_trials/msg
[3.698s] -- Up-to-date: /home/zuleikarg/Desktop/pdm/base_ws/install/robot_trials/include/robot_trials/robot_trials/msg/detail
[3.698s] -- Installing: /home/zuleikarg/Desktop/pdm/base_ws/install/robot_trials/include/robot_trials/robot_trials/msg/detail/base_plan__type_support.cpp
[3.698s] -- Installing: /home/zuleikarg/Desktop/pdm/base_ws/install/robot_trials/include/robot_trials/robot_trials/msg/detail/base_plan__rosidl_typesupport_introspection_cpp.hpp
[3.698s] -- Installing: /home/zuleikarg/Desktop/pdm/base_ws/install/robot_trials/lib/librobot_trials__rosidl_typesupport_introspection_cpp.so
[3.698s] -- Set runtime path of "/home/zuleikarg/Desktop/pdm/base_ws/install/robot_trials/lib/librobot_trials__rosidl_typesupport_introspection_cpp.so" to ""
[3.699s] -- Installing: /home/zuleikarg/Desktop/pdm/base_ws/install/robot_trials/lib/librobot_trials__rosidl_typesupport_cpp.so
[3.699s] -- Set runtime path of "/home/zuleikarg/Desktop/pdm/base_ws/install/robot_trials/lib/librobot_trials__rosidl_typesupport_cpp.so" to ""
[3.699s] -- Installing: /home/zuleikarg/Desktop/pdm/base_ws/install/robot_trials/share/robot_trials/environment/pythonpath.sh
[3.699s] -- Installing: /home/zuleikarg/Desktop/pdm/base_ws/install/robot_trials/share/robot_trials/environment/pythonpath.dsv
[3.699s] -- Installing: /home/zuleikarg/Desktop/pdm/base_ws/install/robot_trials/local/lib/python3.10/dist-packages/robot_trials-0.0.0-py3.10.egg-info
[3.699s] -- Installing: /home/zuleikarg/Desktop/pdm/base_ws/install/robot_trials/local/lib/python3.10/dist-packages/robot_trials-0.0.0-py3.10.egg-info/PKG-INFO
[3.699s] -- Installing: /home/zuleikarg/Desktop/pdm/base_ws/install/robot_trials/local/lib/python3.10/dist-packages/robot_trials-0.0.0-py3.10.egg-info/dependency_links.txt
[3.699s] -- Installing: /home/zuleikarg/Desktop/pdm/base_ws/install/robot_trials/local/lib/python3.10/dist-packages/robot_trials-0.0.0-py3.10.egg-info/top_level.txt
[3.700s] -- Installing: /home/zuleikarg/Desktop/pdm/base_ws/install/robot_trials/local/lib/python3.10/dist-packages/robot_trials-0.0.0-py3.10.egg-info/SOURCES.txt
[3.700s] -- Installing: /home/zuleikarg/Desktop/pdm/base_ws/install/robot_trials/local/lib/python3.10/dist-packages/robot_trials
[3.700s] -- Installing: /home/zuleikarg/Desktop/pdm/base_ws/install/robot_trials/local/lib/python3.10/dist-packages/robot_trials/msg
[3.700s] -- Installing: /home/zuleikarg/Desktop/pdm/base_ws/install/robot_trials/local/lib/python3.10/dist-packages/robot_trials/msg/_base_plan_s.c
[3.700s] -- Installing: /home/zuleikarg/Desktop/pdm/base_ws/install/robot_trials/local/lib/python3.10/dist-packages/robot_trials/msg/__init__.py
[3.700s] -- Installing: /home/zuleikarg/Desktop/pdm/base_ws/install/robot_trials/local/lib/python3.10/dist-packages/robot_trials/msg/_base_plan.py
[3.700s] -- Installing: /home/zuleikarg/Desktop/pdm/base_ws/install/robot_trials/local/lib/python3.10/dist-packages/robot_trials/robot_trials_s__rosidl_typesupport_introspection_c.cpython-310-x86_64-linux-gnu.so
[3.700s] -- Installing: /home/zuleikarg/Desktop/pdm/base_ws/install/robot_trials/local/lib/python3.10/dist-packages/robot_trials/_robot_trials_s.ep.rosidl_typesupport_c.c
[3.700s] -- Installing: /home/zuleikarg/Desktop/pdm/base_ws/install/robot_trials/local/lib/python3.10/dist-packages/robot_trials/_robot_trials_s.ep.rosidl_typesupport_fastrtps_c.c
[3.700s] -- Installing: /home/zuleikarg/Desktop/pdm/base_ws/install/robot_trials/local/lib/python3.10/dist-packages/robot_trials/__init__.py
[3.700s] -- Installing: /home/zuleikarg/Desktop/pdm/base_ws/install/robot_trials/local/lib/python3.10/dist-packages/robot_trials/robot_trials_s__rosidl_typesupport_fastrtps_c.cpython-310-x86_64-linux-gnu.so
[3.701s] -- Installing: /home/zuleikarg/Desktop/pdm/base_ws/install/robot_trials/local/lib/python3.10/dist-packages/robot_trials/librobot_trials__rosidl_generator_py.so
[3.701s] -- Installing: /home/zuleikarg/Desktop/pdm/base_ws/install/robot_trials/local/lib/python3.10/dist-packages/robot_trials/robot_trials_s__rosidl_typesupport_c.cpython-310-x86_64-linux-gnu.so
[3.701s] -- Installing: /home/zuleikarg/Desktop/pdm/base_ws/install/robot_trials/local/lib/python3.10/dist-packages/robot_trials/_robot_trials_s.ep.rosidl_typesupport_introspection_c.c
[3.741s] Listing '/home/zuleikarg/Desktop/pdm/base_ws/install/robot_trials/local/lib/python3.10/dist-packages/robot_trials'...
[3.741s] Compiling '/home/zuleikarg/Desktop/pdm/base_ws/install/robot_trials/local/lib/python3.10/dist-packages/robot_trials/__init__.py'...
[3.741s] Listing '/home/zuleikarg/Desktop/pdm/base_ws/install/robot_trials/local/lib/python3.10/dist-packages/robot_trials/msg'...
[3.741s] Compiling '/home/zuleikarg/Desktop/pdm/base_ws/install/robot_trials/local/lib/python3.10/dist-packages/robot_trials/msg/__init__.py'...
[3.741s] Compiling '/home/zuleikarg/Desktop/pdm/base_ws/install/robot_trials/local/lib/python3.10/dist-packages/robot_trials/msg/_base_plan.py'...
[3.745s] -- Installing: /home/zuleikarg/Desktop/pdm/base_ws/install/robot_trials/local/lib/python3.10/dist-packages/robot_trials/robot_trials_s__rosidl_typesupport_fastrtps_c.cpython-310-x86_64-linux-gnu.so
[3.746s] -- Set runtime path of "/home/zuleikarg/Desktop/pdm/base_ws/install/robot_trials/local/lib/python3.10/dist-packages/robot_trials/robot_trials_s__rosidl_typesupport_fastrtps_c.cpython-310-x86_64-linux-gnu.so" to ""
[3.746s] -- Installing: /home/zuleikarg/Desktop/pdm/base_ws/install/robot_trials/local/lib/python3.10/dist-packages/robot_trials/robot_trials_s__rosidl_typesupport_introspection_c.cpython-310-x86_64-linux-gnu.so
[3.746s] -- Set runtime path of "/home/zuleikarg/Desktop/pdm/base_ws/install/robot_trials/local/lib/python3.10/dist-packages/robot_trials/robot_trials_s__rosidl_typesupport_introspection_c.cpython-310-x86_64-linux-gnu.so" to ""
[3.746s] -- Installing: /home/zuleikarg/Desktop/pdm/base_ws/install/robot_trials/local/lib/python3.10/dist-packages/robot_trials/robot_trials_s__rosidl_typesupport_c.cpython-310-x86_64-linux-gnu.so
[3.747s] -- Set runtime path of "/home/zuleikarg/Desktop/pdm/base_ws/install/robot_trials/local/lib/python3.10/dist-packages/robot_trials/robot_trials_s__rosidl_typesupport_c.cpython-310-x86_64-linux-gnu.so" to ""
[3.747s] -- Installing: /home/zuleikarg/Desktop/pdm/base_ws/install/robot_trials/lib/librobot_trials__rosidl_generator_py.so
[3.747s] -- Set runtime path of "/home/zuleikarg/Desktop/pdm/base_ws/install/robot_trials/lib/librobot_trials__rosidl_generator_py.so" to ""
[3.747s] -- Installing: /home/zuleikarg/Desktop/pdm/base_ws/install/robot_trials/share/robot_trials/msg/BasePlan.idl
[3.747s] -- Installing: /home/zuleikarg/Desktop/pdm/base_ws/install/robot_trials/share/robot_trials/msg/BasePlan.msg
[3.747s] -- Installing: /home/zuleikarg/Desktop/pdm/base_ws/install/robot_trials/share/robot_trials//launch
[3.748s] -- Installing: /home/zuleikarg/Desktop/pdm/base_ws/install/robot_trials/share/ament_index/resource_index/package_run_dependencies/robot_trials
[3.748s] -- Installing: /home/zuleikarg/Desktop/pdm/base_ws/install/robot_trials/share/ament_index/resource_index/parent_prefix_path/robot_trials
[3.748s] -- Installing: /home/zuleikarg/Desktop/pdm/base_ws/install/robot_trials/share/robot_trials/environment/ament_prefix_path.sh
[3.748s] -- Installing: /home/zuleikarg/Desktop/pdm/base_ws/install/robot_trials/share/robot_trials/environment/ament_prefix_path.dsv
[3.748s] -- Installing: /home/zuleikarg/Desktop/pdm/base_ws/install/robot_trials/share/robot_trials/environment/path.sh
[3.748s] -- Installing: /home/zuleikarg/Desktop/pdm/base_ws/install/robot_trials/share/robot_trials/environment/path.dsv
[3.748s] -- Installing: /home/zuleikarg/Desktop/pdm/base_ws/install/robot_trials/share/robot_trials/local_setup.bash
[3.748s] -- Installing: /home/zuleikarg/Desktop/pdm/base_ws/install/robot_trials/share/robot_trials/local_setup.sh
[3.748s] -- Installing: /home/zuleikarg/Desktop/pdm/base_ws/install/robot_trials/share/robot_trials/local_setup.zsh
[3.749s] -- Installing: /home/zuleikarg/Desktop/pdm/base_ws/install/robot_trials/share/robot_trials/local_setup.dsv
[3.749s] -- Installing: /home/zuleikarg/Desktop/pdm/base_ws/install/robot_trials/share/robot_trials/package.dsv
[3.749s] -- Installing: /home/zuleikarg/Desktop/pdm/base_ws/install/robot_trials/share/ament_index/resource_index/packages/robot_trials
[3.749s] -- Installing: /home/zuleikarg/Desktop/pdm/base_ws/install/robot_trials/share/robot_trials/cmake/export_robot_trials__rosidl_generator_cExport.cmake
[3.749s] -- Installing: /home/zuleikarg/Desktop/pdm/base_ws/install/robot_trials/share/robot_trials/cmake/export_robot_trials__rosidl_generator_cExport-noconfig.cmake
[3.749s] -- Installing: /home/zuleikarg/Desktop/pdm/base_ws/install/robot_trials/share/robot_trials/cmake/export_robot_trials__rosidl_typesupport_fastrtps_cExport.cmake
[3.749s] -- Installing: /home/zuleikarg/Desktop/pdm/base_ws/install/robot_trials/share/robot_trials/cmake/export_robot_trials__rosidl_typesupport_fastrtps_cExport-noconfig.cmake
[3.750s] -- Installing: /home/zuleikarg/Desktop/pdm/base_ws/install/robot_trials/share/robot_trials/cmake/export_robot_trials__rosidl_generator_cppExport.cmake
[3.750s] -- Installing: /home/zuleikarg/Desktop/pdm/base_ws/install/robot_trials/share/robot_trials/cmake/export_robot_trials__rosidl_typesupport_fastrtps_cppExport.cmake
[3.750s] -- Installing: /home/zuleikarg/Desktop/pdm/base_ws/install/robot_trials/share/robot_trials/cmake/export_robot_trials__rosidl_typesupport_fastrtps_cppExport-noconfig.cmake
[3.750s] -- Installing: /home/zuleikarg/Desktop/pdm/base_ws/install/robot_trials/share/robot_trials/cmake/robot_trials__rosidl_typesupport_introspection_cExport.cmake
[3.750s] -- Installing: /home/zuleikarg/Desktop/pdm/base_ws/install/robot_trials/share/robot_trials/cmake/robot_trials__rosidl_typesupport_introspection_cExport-noconfig.cmake
[3.750s] -- Installing: /home/zuleikarg/Desktop/pdm/base_ws/install/robot_trials/share/robot_trials/cmake/robot_trials__rosidl_typesupport_cExport.cmake
[3.750s] -- Installing: /home/zuleikarg/Desktop/pdm/base_ws/install/robot_trials/share/robot_trials/cmake/robot_trials__rosidl_typesupport_cExport-noconfig.cmake
[3.750s] -- Installing: /home/zuleikarg/Desktop/pdm/base_ws/install/robot_trials/share/robot_trials/cmake/robot_trials__rosidl_typesupport_introspection_cppExport.cmake
[3.751s] -- Installing: /home/zuleikarg/Desktop/pdm/base_ws/install/robot_trials/share/robot_trials/cmake/robot_trials__rosidl_typesupport_introspection_cppExport-noconfig.cmake
[3.751s] -- Installing: /home/zuleikarg/Desktop/pdm/base_ws/install/robot_trials/share/robot_trials/cmake/robot_trials__rosidl_typesupport_cppExport.cmake
[3.751s] -- Installing: /home/zuleikarg/Desktop/pdm/base_ws/install/robot_trials/share/robot_trials/cmake/robot_trials__rosidl_typesupport_cppExport-noconfig.cmake
[3.751s] -- Installing: /home/zuleikarg/Desktop/pdm/base_ws/install/robot_trials/share/robot_trials/cmake/export_robot_trials__rosidl_generator_pyExport.cmake
[3.751s] -- Installing: /home/zuleikarg/Desktop/pdm/base_ws/install/robot_trials/share/robot_trials/cmake/export_robot_trials__rosidl_generator_pyExport-noconfig.cmake
[3.751s] -- Installing: /home/zuleikarg/Desktop/pdm/base_ws/install/robot_trials/share/robot_trials/cmake/ament_cmake_export_dependencies-extras.cmake
[3.751s] -- Installing: /home/zuleikarg/Desktop/pdm/base_ws/install/robot_trials/share/robot_trials/cmake/rosidl_cmake-extras.cmake
[3.751s] -- Installing: /home/zuleikarg/Desktop/pdm/base_ws/install/robot_trials/share/robot_trials/cmake/ament_cmake_export_include_directories-extras.cmake
[3.752s] -- Installing: /home/zuleikarg/Desktop/pdm/base_ws/install/robot_trials/share/robot_trials/cmake/ament_cmake_export_libraries-extras.cmake
[3.752s] -- Installing: /home/zuleikarg/Desktop/pdm/base_ws/install/robot_trials/share/robot_trials/cmake/ament_cmake_export_targets-extras.cmake
[3.752s] -- Installing: /home/zuleikarg/Desktop/pdm/base_ws/install/robot_trials/share/robot_trials/cmake/rosidl_cmake_export_typesupport_targets-extras.cmake
[3.752s] -- Installing: /home/zuleikarg/Desktop/pdm/base_ws/install/robot_trials/share/robot_trials/cmake/rosidl_cmake_export_typesupport_libraries-extras.cmake
[3.752s] -- Installing: /home/zuleikarg/Desktop/pdm/base_ws/install/robot_trials/share/robot_trials/cmake/robot_trialsConfig.cmake
[3.752s] -- Installing: /home/zuleikarg/Desktop/pdm/base_ws/install/robot_trials/share/robot_trials/cmake/robot_trialsConfig-version.cmake
[3.752s] -- Installing: /home/zuleikarg/Desktop/pdm/base_ws/install/robot_trials/share/robot_trials/package.xml
[3.755s] Invoked command in '/home/zuleikarg/Desktop/pdm/base_ws/build/robot_trials' returned '0': CMAKE_PREFIX_PATH=${CMAKE_PREFIX_PATH}:/opt/ros/humble CONDA_PROMPT_MODIFIER=(ros2) PS1=Singularity:\W> /usr/bin/cmake --install /home/zuleikarg/Desktop/pdm/base_ws/build/robot_trials
