[0.110s] DEBUG:colcon:Command line arguments: ['/usr/bin/colcon', 'build']
[0.110s] DEBUG:colcon:Parsed command line arguments: Namespace(log_base=None, log_level=None, verb_name='build', build_base='build', install_base='install', merge_install=False, symlink_install=False, test_result_base=None, continue_on_error=False, executor='parallel', parallel_workers=12, event_handlers=None, ignore_user_meta=False, metas=['./colcon.meta'], base_paths=['.'], packages_ignore=None, packages_ignore_regex=None, paths=None, packages_up_to=None, packages_up_to_regex=None, packages_above=None, packages_above_and_dependencies=None, packages_above_depth=None, packages_select_by_dep=None, packages_skip_by_dep=None, packages_skip_up_to=None, packages_select_build_failed=False, packages_skip_build_finished=False, packages_select_test_failures=False, packages_skip_test_passed=False, packages_select=None, packages_skip=None, packages_select_regex=None, packages_skip_regex=None, packages_start=None, packages_end=None, cmake_args=None, cmake_target=None, cmake_target_skip_unavailable=False, cmake_clean_cache=False, cmake_clean_first=False, cmake_force_configure=False, ament_cmake_args=None, catkin_cmake_args=None, catkin_skip_building_tests=False, mixin_files=None, mixin=None, verb_parser=<colcon_mixin.mixin.mixin_argument.MixinArgumentDecorator object at 0x7f6bcd06c880>, verb_extension=<colcon_core.verb.build.BuildVerb object at 0x7f6bcd138f70>, main=<bound method BuildVerb.main of <colcon_core.verb.build.BuildVerb object at 0x7f6bcd138f70>>, mixin_verb=('build',))
[0.361s] Level 1:colcon.colcon_core.package_discovery:discover_packages(colcon_meta) check parameters
[0.362s] Level 1:colcon.colcon_core.package_discovery:discover_packages(recursive) check parameters
[0.362s] Level 1:colcon.colcon_core.package_discovery:discover_packages(ignore) check parameters
[0.362s] Level 1:colcon.colcon_core.package_discovery:discover_packages(path) check parameters
[0.362s] Level 1:colcon.colcon_core.package_discovery:discover_packages(colcon_meta) discover
[0.362s] Level 1:colcon.colcon_core.package_discovery:discover_packages(recursive) discover
[0.362s] INFO:colcon.colcon_core.package_discovery:Crawling recursively for packages in '/home/zuleikarg/Desktop/pdm/base_ws'
[0.362s] Level 1:colcon.colcon_core.package_identification:_identify(.) by extensions ['ignore', 'ignore_ament_install']
[0.362s] Level 1:colcon.colcon_core.package_identification:_identify(.) by extension 'ignore'
[0.362s] Level 1:colcon.colcon_core.package_identification:_identify(.) by extension 'ignore_ament_install'
[0.362s] Level 1:colcon.colcon_core.package_identification:_identify(.) by extensions ['colcon_pkg']
[0.362s] Level 1:colcon.colcon_core.package_identification:_identify(.) by extension 'colcon_pkg'
[0.363s] Level 1:colcon.colcon_core.package_identification:_identify(.) by extensions ['colcon_meta']
[0.363s] Level 1:colcon.colcon_core.package_identification:_identify(.) by extension 'colcon_meta'
[0.363s] Level 1:colcon.colcon_core.package_identification:_identify(.) by extensions ['ros']
[0.363s] Level 1:colcon.colcon_core.package_identification:_identify(.) by extension 'ros'
[0.380s] Level 1:colcon.colcon_core.package_identification:_identify(.) by extensions ['cmake', 'python']
[0.380s] Level 1:colcon.colcon_core.package_identification:_identify(.) by extension 'cmake'
[0.380s] Level 1:colcon.colcon_core.package_identification:_identify(.) by extension 'python'
[0.380s] Level 1:colcon.colcon_core.package_identification:_identify(.) by extensions ['python_setup_py']
[0.381s] Level 1:colcon.colcon_core.package_identification:_identify(.) by extension 'python_setup_py'
[0.381s] Level 1:colcon.colcon_core.package_identification:_identify(build) by extensions ['ignore', 'ignore_ament_install']
[0.381s] Level 1:colcon.colcon_core.package_identification:_identify(build) by extension 'ignore'
[0.381s] Level 1:colcon.colcon_core.package_identification:_identify(build) ignored
[0.381s] Level 1:colcon.colcon_core.package_identification:_identify(install) by extensions ['ignore', 'ignore_ament_install']
[0.381s] Level 1:colcon.colcon_core.package_identification:_identify(install) by extension 'ignore'
[0.381s] Level 1:colcon.colcon_core.package_identification:_identify(install) ignored
[0.382s] Level 1:colcon.colcon_core.package_identification:_identify(log) by extensions ['ignore', 'ignore_ament_install']
[0.382s] Level 1:colcon.colcon_core.package_identification:_identify(log) by extension 'ignore'
[0.382s] Level 1:colcon.colcon_core.package_identification:_identify(log) ignored
[0.382s] Level 1:colcon.colcon_core.package_identification:_identify(src) by extensions ['ignore', 'ignore_ament_install']
[0.382s] Level 1:colcon.colcon_core.package_identification:_identify(src) by extension 'ignore'
[0.382s] Level 1:colcon.colcon_core.package_identification:_identify(src) by extension 'ignore_ament_install'
[0.382s] Level 1:colcon.colcon_core.package_identification:_identify(src) by extensions ['colcon_pkg']
[0.382s] Level 1:colcon.colcon_core.package_identification:_identify(src) by extension 'colcon_pkg'
[0.382s] Level 1:colcon.colcon_core.package_identification:_identify(src) by extensions ['colcon_meta']
[0.382s] Level 1:colcon.colcon_core.package_identification:_identify(src) by extension 'colcon_meta'
[0.382s] Level 1:colcon.colcon_core.package_identification:_identify(src) by extensions ['ros']
[0.382s] Level 1:colcon.colcon_core.package_identification:_identify(src) by extension 'ros'
[0.383s] Level 1:colcon.colcon_core.package_identification:_identify(src) by extensions ['cmake', 'python']
[0.383s] Level 1:colcon.colcon_core.package_identification:_identify(src) by extension 'cmake'
[0.383s] Level 1:colcon.colcon_core.package_identification:_identify(src) by extension 'python'
[0.383s] Level 1:colcon.colcon_core.package_identification:_identify(src) by extensions ['python_setup_py']
[0.383s] Level 1:colcon.colcon_core.package_identification:_identify(src) by extension 'python_setup_py'
[0.383s] Level 1:colcon.colcon_core.package_identification:_identify(src/robot_trials) by extensions ['ignore', 'ignore_ament_install']
[0.383s] Level 1:colcon.colcon_core.package_identification:_identify(src/robot_trials) by extension 'ignore'
[0.383s] Level 1:colcon.colcon_core.package_identification:_identify(src/robot_trials) by extension 'ignore_ament_install'
[0.383s] Level 1:colcon.colcon_core.package_identification:_identify(src/robot_trials) by extensions ['colcon_pkg']
[0.383s] Level 1:colcon.colcon_core.package_identification:_identify(src/robot_trials) by extension 'colcon_pkg'
[0.383s] Level 1:colcon.colcon_core.package_identification:_identify(src/robot_trials) by extensions ['colcon_meta']
[0.383s] Level 1:colcon.colcon_core.package_identification:_identify(src/robot_trials) by extension 'colcon_meta'
[0.384s] Level 1:colcon.colcon_core.package_identification:_identify(src/robot_trials) by extensions ['ros']
[0.384s] Level 1:colcon.colcon_core.package_identification:_identify(src/robot_trials) by extension 'ros'
[0.387s] DEBUG:colcon.colcon_core.package_identification:Package 'src/robot_trials' with type 'ros.ament_cmake' and name 'robot_trials'
[0.387s] Level 1:colcon.colcon_core.package_discovery:discover_packages(recursive) using defaults
[0.387s] Level 1:colcon.colcon_core.package_discovery:discover_packages(ignore) discover
[0.387s] Level 1:colcon.colcon_core.package_discovery:discover_packages(ignore) using defaults
[0.387s] Level 1:colcon.colcon_core.package_discovery:discover_packages(path) discover
[0.388s] Level 1:colcon.colcon_core.package_discovery:discover_packages(path) using defaults
[0.419s] Level 5:colcon.colcon_core.verb:set package 'robot_trials' build argument 'cmake_args' from command line to 'None'
[0.419s] Level 5:colcon.colcon_core.verb:set package 'robot_trials' build argument 'cmake_target' from command line to 'None'
[0.420s] Level 5:colcon.colcon_core.verb:set package 'robot_trials' build argument 'cmake_target_skip_unavailable' from command line to 'False'
[0.420s] Level 5:colcon.colcon_core.verb:set package 'robot_trials' build argument 'cmake_clean_cache' from command line to 'False'
[0.420s] Level 5:colcon.colcon_core.verb:set package 'robot_trials' build argument 'cmake_clean_first' from command line to 'False'
[0.420s] Level 5:colcon.colcon_core.verb:set package 'robot_trials' build argument 'cmake_force_configure' from command line to 'False'
[0.420s] Level 5:colcon.colcon_core.verb:set package 'robot_trials' build argument 'ament_cmake_args' from command line to 'None'
[0.420s] Level 5:colcon.colcon_core.verb:set package 'robot_trials' build argument 'catkin_cmake_args' from command line to 'None'
[0.420s] Level 5:colcon.colcon_core.verb:set package 'robot_trials' build argument 'catkin_skip_building_tests' from command line to 'False'
[0.420s] DEBUG:colcon.colcon_core.verb:Building package 'robot_trials' with the following arguments: {'ament_cmake_args': None, 'build_base': '/home/zuleikarg/Desktop/pdm/base_ws/build/robot_trials', 'catkin_cmake_args': None, 'catkin_skip_building_tests': False, 'cmake_args': None, 'cmake_clean_cache': False, 'cmake_clean_first': False, 'cmake_force_configure': False, 'cmake_target': None, 'cmake_target_skip_unavailable': False, 'install_base': '/home/zuleikarg/Desktop/pdm/base_ws/install/robot_trials', 'merge_install': False, 'path': '/home/zuleikarg/Desktop/pdm/base_ws/src/robot_trials', 'symlink_install': False, 'test_result_base': None}
[0.420s] INFO:colcon.colcon_core.executor:Executing jobs using 'parallel' executor
[0.421s] DEBUG:colcon.colcon_parallel_executor.executor.parallel:run_until_complete
[0.422s] INFO:colcon.colcon_ros.task.ament_cmake.build:Building ROS package in '/home/zuleikarg/Desktop/pdm/base_ws/src/robot_trials' with build type 'ament_cmake'
[0.422s] INFO:colcon.colcon_cmake.task.cmake.build:Building CMake package in '/home/zuleikarg/Desktop/pdm/base_ws/src/robot_trials'
[0.425s] INFO:colcon.colcon_core.plugin_system:Skipping extension 'colcon_core.shell.bat': Not used on non-Windows systems
[0.426s] INFO:colcon.colcon_core.shell:Skip shell extension 'powershell' for command environment: Not usable outside of PowerShell
[0.426s] DEBUG:colcon.colcon_core.shell:Skip shell extension 'dsv' for command environment
[0.442s] DEBUG:colcon.colcon_core.event_handler.log_command:Invoking command in '/home/zuleikarg/Desktop/pdm/base_ws/build/robot_trials': CMAKE_PREFIX_PATH=${CMAKE_PREFIX_PATH}:/opt/ros/humble CONDA_PROMPT_MODIFIER=(ros2) PS1=Singularity:\W> /usr/bin/cmake --build /home/zuleikarg/Desktop/pdm/base_ws/build/robot_trials -- -j12 -l12
[0.989s] DEBUG:colcon.colcon_core.event_handler.log_command:Invoked command in '/home/zuleikarg/Desktop/pdm/base_ws/build/robot_trials' returned '0': CMAKE_PREFIX_PATH=${CMAKE_PREFIX_PATH}:/opt/ros/humble CONDA_PROMPT_MODIFIER=(ros2) PS1=Singularity:\W> /usr/bin/cmake --build /home/zuleikarg/Desktop/pdm/base_ws/build/robot_trials -- -j12 -l12
[1.099s] DEBUG:colcon.colcon_core.event_handler.log_command:Invoking command in '/home/zuleikarg/Desktop/pdm/base_ws/build/robot_trials': CMAKE_PREFIX_PATH=${CMAKE_PREFIX_PATH}:/opt/ros/humble CONDA_PROMPT_MODIFIER=(ros2) PS1=Singularity:\W> /usr/bin/cmake --install /home/zuleikarg/Desktop/pdm/base_ws/build/robot_trials
[1.178s] Level 1:colcon.colcon_core.environment:create_environment_scripts_only(robot_trials)
[1.179s] DEBUG:colcon.colcon_core.event_handler.log_command:Invoked command in '/home/zuleikarg/Desktop/pdm/base_ws/build/robot_trials' returned '0': CMAKE_PREFIX_PATH=${CMAKE_PREFIX_PATH}:/opt/ros/humble CONDA_PROMPT_MODIFIER=(ros2) PS1=Singularity:\W> /usr/bin/cmake --install /home/zuleikarg/Desktop/pdm/base_ws/build/robot_trials
[1.181s] Level 1:colcon.colcon_core.environment:checking '/home/zuleikarg/Desktop/pdm/base_ws/install/robot_trials' for CMake module files
[1.182s] Level 1:colcon.colcon_core.environment:checking '/home/zuleikarg/Desktop/pdm/base_ws/install/robot_trials' for CMake config files
[1.182s] Level 1:colcon.colcon_core.shell:create_environment_hook('robot_trials', 'cmake_prefix_path')
[1.183s] INFO:colcon.colcon_core.shell:Creating environment hook '/home/zuleikarg/Desktop/pdm/base_ws/install/robot_trials/share/robot_trials/hook/cmake_prefix_path.ps1'
[1.183s] INFO:colcon.colcon_core.shell:Creating environment descriptor '/home/zuleikarg/Desktop/pdm/base_ws/install/robot_trials/share/robot_trials/hook/cmake_prefix_path.dsv'
[1.184s] INFO:colcon.colcon_core.shell:Creating environment hook '/home/zuleikarg/Desktop/pdm/base_ws/install/robot_trials/share/robot_trials/hook/cmake_prefix_path.sh'
[1.184s] Level 1:colcon.colcon_core.environment:checking '/home/zuleikarg/Desktop/pdm/base_ws/install/robot_trials/lib'
[1.185s] Level 1:colcon.colcon_core.shell:create_environment_hook('robot_trials', 'ld_library_path_lib')
[1.185s] INFO:colcon.colcon_core.shell:Creating environment hook '/home/zuleikarg/Desktop/pdm/base_ws/install/robot_trials/share/robot_trials/hook/ld_library_path_lib.ps1'
[1.185s] INFO:colcon.colcon_core.shell:Creating environment descriptor '/home/zuleikarg/Desktop/pdm/base_ws/install/robot_trials/share/robot_trials/hook/ld_library_path_lib.dsv'
[1.185s] INFO:colcon.colcon_core.shell:Creating environment hook '/home/zuleikarg/Desktop/pdm/base_ws/install/robot_trials/share/robot_trials/hook/ld_library_path_lib.sh'
[1.186s] Level 1:colcon.colcon_core.environment:checking '/home/zuleikarg/Desktop/pdm/base_ws/install/robot_trials/bin'
[1.186s] Level 1:colcon.colcon_core.environment:checking '/home/zuleikarg/Desktop/pdm/base_ws/install/robot_trials/lib/pkgconfig/robot_trials.pc'
[1.187s] Level 1:colcon.colcon_core.environment:checking '/home/zuleikarg/Desktop/pdm/base_ws/install/robot_trials/lib/python3.10/site-packages'
[1.188s] Level 1:colcon.colcon_core.environment:checking '/home/zuleikarg/Desktop/pdm/base_ws/install/robot_trials/bin'
[1.188s] INFO:colcon.colcon_core.shell:Creating package script '/home/zuleikarg/Desktop/pdm/base_ws/install/robot_trials/share/robot_trials/package.ps1'
[1.189s] INFO:colcon.colcon_core.shell:Creating package descriptor '/home/zuleikarg/Desktop/pdm/base_ws/install/robot_trials/share/robot_trials/package.dsv'
[1.189s] INFO:colcon.colcon_core.shell:Creating package script '/home/zuleikarg/Desktop/pdm/base_ws/install/robot_trials/share/robot_trials/package.sh'
[1.190s] INFO:colcon.colcon_core.shell:Creating package script '/home/zuleikarg/Desktop/pdm/base_ws/install/robot_trials/share/robot_trials/package.bash'
[1.190s] INFO:colcon.colcon_core.shell:Creating package script '/home/zuleikarg/Desktop/pdm/base_ws/install/robot_trials/share/robot_trials/package.zsh'
[1.191s] Level 1:colcon.colcon_core.environment:create_file_with_runtime_dependencies(/home/zuleikarg/Desktop/pdm/base_ws/install/robot_trials/share/colcon-core/packages/robot_trials)
[1.249s] Level 1:colcon.colcon_core.environment:create_environment_scripts_only(robot_trials)
[1.249s] Level 1:colcon.colcon_core.environment:checking '/home/zuleikarg/Desktop/pdm/base_ws/install/robot_trials' for CMake module files
[1.250s] Level 1:colcon.colcon_core.environment:checking '/home/zuleikarg/Desktop/pdm/base_ws/install/robot_trials' for CMake config files
[1.250s] Level 1:colcon.colcon_core.shell:create_environment_hook('robot_trials', 'cmake_prefix_path')
[1.250s] INFO:colcon.colcon_core.shell:Creating environment hook '/home/zuleikarg/Desktop/pdm/base_ws/install/robot_trials/share/robot_trials/hook/cmake_prefix_path.ps1'
[1.251s] INFO:colcon.colcon_core.shell:Creating environment descriptor '/home/zuleikarg/Desktop/pdm/base_ws/install/robot_trials/share/robot_trials/hook/cmake_prefix_path.dsv'
[1.251s] INFO:colcon.colcon_core.shell:Creating environment hook '/home/zuleikarg/Desktop/pdm/base_ws/install/robot_trials/share/robot_trials/hook/cmake_prefix_path.sh'
[1.251s] Level 1:colcon.colcon_core.environment:checking '/home/zuleikarg/Desktop/pdm/base_ws/install/robot_trials/lib'
[1.252s] Level 1:colcon.colcon_core.shell:create_environment_hook('robot_trials', 'ld_library_path_lib')
[1.252s] INFO:colcon.colcon_core.shell:Creating environment hook '/home/zuleikarg/Desktop/pdm/base_ws/install/robot_trials/share/robot_trials/hook/ld_library_path_lib.ps1'
[1.252s] INFO:colcon.colcon_core.shell:Creating environment descriptor '/home/zuleikarg/Desktop/pdm/base_ws/install/robot_trials/share/robot_trials/hook/ld_library_path_lib.dsv'
[1.252s] INFO:colcon.colcon_core.shell:Creating environment hook '/home/zuleikarg/Desktop/pdm/base_ws/install/robot_trials/share/robot_trials/hook/ld_library_path_lib.sh'
[1.253s] Level 1:colcon.colcon_core.environment:checking '/home/zuleikarg/Desktop/pdm/base_ws/install/robot_trials/bin'
[1.253s] Level 1:colcon.colcon_core.environment:checking '/home/zuleikarg/Desktop/pdm/base_ws/install/robot_trials/lib/pkgconfig/robot_trials.pc'
[1.253s] Level 1:colcon.colcon_core.environment:checking '/home/zuleikarg/Desktop/pdm/base_ws/install/robot_trials/lib/python3.10/site-packages'
[1.253s] Level 1:colcon.colcon_core.environment:checking '/home/zuleikarg/Desktop/pdm/base_ws/install/robot_trials/bin'
[1.254s] INFO:colcon.colcon_core.shell:Creating package script '/home/zuleikarg/Desktop/pdm/base_ws/install/robot_trials/share/robot_trials/package.ps1'
[1.254s] INFO:colcon.colcon_core.shell:Creating package descriptor '/home/zuleikarg/Desktop/pdm/base_ws/install/robot_trials/share/robot_trials/package.dsv'
[1.254s] INFO:colcon.colcon_core.shell:Creating package script '/home/zuleikarg/Desktop/pdm/base_ws/install/robot_trials/share/robot_trials/package.sh'
[1.255s] INFO:colcon.colcon_core.shell:Creating package script '/home/zuleikarg/Desktop/pdm/base_ws/install/robot_trials/share/robot_trials/package.bash'
[1.255s] INFO:colcon.colcon_core.shell:Creating package script '/home/zuleikarg/Desktop/pdm/base_ws/install/robot_trials/share/robot_trials/package.zsh'
[1.256s] Level 1:colcon.colcon_core.environment:create_file_with_runtime_dependencies(/home/zuleikarg/Desktop/pdm/base_ws/install/robot_trials/share/colcon-core/packages/robot_trials)
[1.256s] DEBUG:colcon.colcon_parallel_executor.executor.parallel:closing loop
[1.256s] DEBUG:colcon.colcon_parallel_executor.executor.parallel:loop closed
[1.256s] DEBUG:colcon.colcon_parallel_executor.executor.parallel:run_until_complete finished with '0'
[1.256s] DEBUG:colcon.colcon_core.event_reactor:joining thread
[1.261s] INFO:colcon.colcon_core.plugin_system:Skipping extension 'colcon_notification.desktop_notification.notify_send': Could not find 'notify-send'
[1.261s] INFO:colcon.colcon_core.plugin_system:Skipping extension 'colcon_notification.desktop_notification.terminal_notifier': Not used on non-Darwin systems
[1.262s] INFO:colcon.colcon_core.plugin_system:Skipping extension 'colcon_notification.desktop_notification.win32': Not used on non-Windows systems
[1.262s] INFO:colcon.colcon_notification.desktop_notification:Sending desktop notification using 'notify2'
[1.262s] DEBUG:colcon.colcon_notification.desktop_notification.notify2:Failed to initialize notify2: org.freedesktop.DBus.Error.FileNotFound: Failed to connect to socket /run/user/1000/bus: No such file or directory
[1.262s] DEBUG:colcon.colcon_core.event_reactor:joined thread
[1.262s] INFO:colcon.colcon_core.shell:Creating prefix script '/home/zuleikarg/Desktop/pdm/base_ws/install/local_setup.ps1'
[1.263s] INFO:colcon.colcon_core.shell:Creating prefix util module '/home/zuleikarg/Desktop/pdm/base_ws/install/_local_setup_util_ps1.py'
[1.264s] INFO:colcon.colcon_core.shell:Creating prefix chain script '/home/zuleikarg/Desktop/pdm/base_ws/install/setup.ps1'
[1.265s] INFO:colcon.colcon_core.shell:Creating prefix script '/home/zuleikarg/Desktop/pdm/base_ws/install/local_setup.sh'
[1.266s] INFO:colcon.colcon_core.shell:Creating prefix util module '/home/zuleikarg/Desktop/pdm/base_ws/install/_local_setup_util_sh.py'
[1.266s] INFO:colcon.colcon_core.shell:Creating prefix chain script '/home/zuleikarg/Desktop/pdm/base_ws/install/setup.sh'
[1.267s] INFO:colcon.colcon_core.shell:Creating prefix script '/home/zuleikarg/Desktop/pdm/base_ws/install/local_setup.bash'
[1.267s] INFO:colcon.colcon_core.shell:Creating prefix chain script '/home/zuleikarg/Desktop/pdm/base_ws/install/setup.bash'
[1.268s] INFO:colcon.colcon_core.shell:Creating prefix script '/home/zuleikarg/Desktop/pdm/base_ws/install/local_setup.zsh'
[1.269s] INFO:colcon.colcon_core.shell:Creating prefix chain script '/home/zuleikarg/Desktop/pdm/base_ws/install/setup.zsh'
